Archive member included to satisfy reference by file (symbol)

/usr/lib32/libc_nonshared.a(elf-init.oS)
                              /usr/lib/gcc/x86_64-linux-gnu/9/../../../../lib32/crt1.o (__libc_csu_init)
/usr/lib32/libc_nonshared.a(stack_chk_fail_local.oS)
                              /home/hthap/Public/RIOT/RIOT/examples/project_os/bin/native/application_Project_OS/main.o (__stack_chk_fail_local)

Merging program properties

Removed property 0xc0000002 to merge /usr/lib/gcc/x86_64-linux-gnu/9/../../../../lib32/crt1.o (0x3) and /home/hthap/Public/RIOT/RIOT/examples/project_os/bin/native/cpu/tramp.o (not found)
Removed property 0xc0000002 to merge /usr/lib/gcc/x86_64-linux-gnu/9/../../../../lib32/crt1.o (not found) and /home/hthap/Public/RIOT/RIOT/examples/project_os/bin/native/frac/frac.o (0x3)
Removed property 0xc0000002 to merge /usr/lib/gcc/x86_64-linux-gnu/9/../../../../lib32/crt1.o (not found) and /home/hthap/Public/RIOT/RIOT/examples/project_os/bin/native/native_drivers/native-led.o (0x3)
Removed property 0xc0000002 to merge /usr/lib/gcc/x86_64-linux-gnu/9/../../../../lib32/crt1.o (not found) and /home/hthap/Public/RIOT/RIOT/examples/project_os/bin/native/native_drivers/native-qdec.o (0x3)
Removed property 0xc0000002 to merge /usr/lib/gcc/x86_64-linux-gnu/9/../../../../lib32/crt1.o (not found) and /home/hthap/Public/RIOT/RIOT/examples/project_os/bin/native/periph_common/gpio.o (0x3)
Removed property 0xc0000002 to merge /usr/lib/gcc/x86_64-linux-gnu/9/../../../../lib32/crt1.o (not found) and /home/hthap/Public/RIOT/RIOT/examples/project_os/bin/native/periph_common/init_leds.o (0x3)
Removed property 0xc0000002 to merge /usr/lib/gcc/x86_64-linux-gnu/9/../../../../lib32/crt1.o (not found) and /home/hthap/Public/RIOT/RIOT/examples/project_os/bin/native/periph_common/init.o (0x3)
Removed property 0xc0000002 to merge /usr/lib/gcc/x86_64-linux-gnu/9/../../../../lib32/crt1.o (not found) and /home/hthap/Public/RIOT/RIOT/examples/project_os/bin/native/periph_common/pm.o (0x3)
Removed property 0xc0000002 to merge /usr/lib/gcc/x86_64-linux-gnu/9/../../../../lib32/crt1.o (not found) and /home/hthap/Public/RIOT/RIOT/examples/project_os/bin/native/periph_common/timer.o (0x3)
Removed property 0xc0000002 to merge /usr/lib/gcc/x86_64-linux-gnu/9/../../../../lib32/crt1.o (not found) and /home/hthap/Public/RIOT/RIOT/examples/project_os/bin/native/periph/gpio_linux.o (0x3)
Removed property 0xc0000002 to merge /usr/lib/gcc/x86_64-linux-gnu/9/../../../../lib32/crt1.o (not found) and /home/hthap/Public/RIOT/RIOT/examples/project_os/bin/native/periph/pm.o (0x3)
Removed property 0xc0000002 to merge /usr/lib/gcc/x86_64-linux-gnu/9/../../../../lib32/crt1.o (not found) and /home/hthap/Public/RIOT/RIOT/examples/project_os/bin/native/periph/timer.o (0x3)
Removed property 0xc0000002 to merge /usr/lib/gcc/x86_64-linux-gnu/9/../../../../lib32/crt1.o (not found) and /home/hthap/Public/RIOT/RIOT/examples/project_os/bin/native/periph/uart.o (0x3)
Removed property 0xc0000002 to merge /usr/lib/gcc/x86_64-linux-gnu/9/../../../../lib32/crt1.o (not found) and /home/hthap/Public/RIOT/RIOT/examples/project_os/bin/native/sched_round_robin/sched_round_robin.o (0x3)
Removed property 0xc0000002 to merge /usr/lib/gcc/x86_64-linux-gnu/9/../../../../lib32/crt1.o (not found) and /home/hthap/Public/RIOT/RIOT/examples/project_os/bin/native/stdio_native/stdio_native.o (0x3)
Removed property 0xc0000002 to merge /usr/lib/gcc/x86_64-linux-gnu/9/../../../../lib32/crt1.o (not found) and /home/hthap/Public/RIOT/RIOT/examples/project_os/bin/native/ztimer_core/convert_frac.o (0x3)
Removed property 0xc0000002 to merge /usr/lib/gcc/x86_64-linux-gnu/9/../../../../lib32/crt1.o (not found) and /home/hthap/Public/RIOT/RIOT/examples/project_os/bin/native/ztimer_core/convert.o (0x3)
Removed property 0xc0000002 to merge /usr/lib/gcc/x86_64-linux-gnu/9/../../../../lib32/crt1.o (not found) and /home/hthap/Public/RIOT/RIOT/examples/project_os/bin/native/ztimer_core/convert_shift.o (0x3)
Removed property 0xc0000002 to merge /usr/lib/gcc/x86_64-linux-gnu/9/../../../../lib32/crt1.o (not found) and /home/hthap/Public/RIOT/RIOT/examples/project_os/bin/native/ztimer_core/core.o (0x3)
Removed property 0xc0000002 to merge /usr/lib/gcc/x86_64-linux-gnu/9/../../../../lib32/crt1.o (not found) and /home/hthap/Public/RIOT/RIOT/examples/project_os/bin/native/ztimer_core/init.o (0x3)
Removed property 0xc0000002 to merge /usr/lib/gcc/x86_64-linux-gnu/9/../../../../lib32/crt1.o (not found) and /home/hthap/Public/RIOT/RIOT/examples/project_os/bin/native/ztimer_core/periodic.o (0x3)
Removed property 0xc0000002 to merge /usr/lib/gcc/x86_64-linux-gnu/9/../../../../lib32/crt1.o (not found) and /home/hthap/Public/RIOT/RIOT/examples/project_os/bin/native/ztimer_core/periph_timer.o (0x3)
Removed property 0xc0000002 to merge /usr/lib/gcc/x86_64-linux-gnu/9/../../../../lib32/crt1.o (not found) and /home/hthap/Public/RIOT/RIOT/examples/project_os/bin/native/ztimer_core/util.o (0x3)
[...]
Memory Configuration

Name             Origin             Length             Attributes
*default*        0x0000000000000000 0xffffffffffffffff

Linker script and memory map

                [!provide]                        PROVIDE (__executable_start = SEGMENT_START ("text-segment", 0x8048000))
                0x0000000008048194                . = (SEGMENT_START ("text-segment", 0x8048000) + SIZEOF_HEADERS)

.interp         0x0000000008048194       0x13
 *(.interp)
 .interp        0x0000000008048194       0x13 /usr/lib/gcc/x86_64-linux-gnu/9/../../../../lib32/crt1.o

.note.gnu.build-id
                0x00000000080481a8       0x24
 *(.note.gnu.build-id)
 .note.gnu.build-id
                0x00000000080481a8       0x24 /usr/lib/gcc/x86_64-linux-gnu/9/../../../../lib32/crt1.o

.note.ABI-tag   0x00000000080481cc       0x20
 .note.ABI-tag  0x00000000080481cc       0x20 /usr/lib/gcc/x86_64-linux-gnu/9/../../../../lib32/crt1.o

.hash
 *(.hash)

.gnu.hash       0x00000000080481ec       0xc0
 *(.gnu.hash)
 .gnu.hash      0x00000000080481ec       0xc0 /usr/lib/gcc/x86_64-linux-gnu/9/../../../../lib32/crt1.o

.dynsym         0x00000000080482ac      0x350
 *(.dynsym)
 .dynsym        0x00000000080482ac      0x350 /usr/lib/gcc/x86_64-linux-gnu/9/../../../../lib32/crt1.o

.dynstr         0x00000000080485fc      0x1d7
 *(.dynstr)
 .dynstr        0x00000000080485fc      0x1d7 /usr/lib/gcc/x86_64-linux-gnu/9/../../../../lib32/crt1.o

.gnu.version    0x00000000080487d4       0x6a
 *(.gnu.version)
 .gnu.version   0x00000000080487d4       0x6a /usr/lib/gcc/x86_64-linux-gnu/9/../../../../lib32/crt1.o

.gnu.version_d  0x0000000008048840        0x0
 *(.gnu.version_d)
 .gnu.version_d
                0x0000000008048840        0x0 /usr/lib/gcc/x86_64-linux-gnu/9/../../../../lib32/crt1.o

.gnu.version_r  0x0000000008048840       0x70
 *(.gnu.version_r)
 .gnu.version_r
                0x0000000008048840       0x70 /usr/lib/gcc/x86_64-linux-gnu/9/../../../../lib32/crt1.o

.rel.dyn        0x00000000080488b0       0x20
 *(.rel.init)
 *(.rel.text .rel.text.* .rel.gnu.linkonce.t.*)
 .rel.text      0x00000000080488b0        0x0 /usr/lib/gcc/x86_64-linux-gnu/9/../../../../lib32/crt1.o
 .rel.text.core_panic
                0x00000000080488b0        0x0 /usr/lib/gcc/x86_64-linux-gnu/9/../../../../lib32/crt1.o
 .rel.text.startup
                0x00000000080488b0        0x0 /usr/lib/gcc/x86_64-linux-gnu/9/../../../../lib32/crt1.o
 *(.rel.fini)
 *(.rel.rodata .rel.rodata.* .rel.gnu.linkonce.r.*)
 *(.rel.data.rel.ro .rel.data.rel.ro.* .rel.gnu.linkonce.d.rel.ro.*)
 .rel.data.rel.ro
                0x00000000080488b0        0x0 /usr/lib/gcc/x86_64-linux-gnu/9/../../../../lib32/crt1.o
 *(.rel.data .rel.data.* .rel.gnu.linkonce.d.*)
 *(.rel.tdata .rel.tdata.* .rel.gnu.linkonce.td.*)
 *(.rel.tbss .rel.tbss.* .rel.gnu.linkonce.tb.*)
 *(.rel.ctors)
 *(.rel.dtors)
 *(.rel.got)
 .rel.got       0x00000000080488b0       0x20 /usr/lib/gcc/x86_64-linux-gnu/9/../../../../lib32/crt1.o
 *(.rel.bss .rel.bss.* .rel.gnu.linkonce.b.*)
 .rel.bss       0x00000000080488d0        0x0 /usr/lib/gcc/x86_64-linux-gnu/9/../../../../lib32/crt1.o
 *(.rel.ifunc)

.rel.plt        0x00000000080488d0       0xc8
 *(.rel.plt)
 .rel.plt       0x00000000080488d0       0xc8 /usr/lib/gcc/x86_64-linux-gnu/9/../../../../lib32/crt1.o
                [!provide]                        PROVIDE (__rel_iplt_start = .)
 *(.rel.iplt)
 .rel.iplt      0x0000000008048998        0x0 /usr/lib/gcc/x86_64-linux-gnu/9/../../../../lib32/crt1.o
                [!provide]                        PROVIDE (__rel_iplt_end = .)
                0x0000000008049000                . = ALIGN (CONSTANT (MAXPAGESIZE))

.init           0x0000000008049000       0x24
 *(SORT_NONE(.init))
 .init          0x0000000008049000       0x1f /usr/lib/gcc/x86_64-linux-gnu/9/../../../../lib32/crti.o
                0x0000000008049000                _init
 .init          0x000000000804901f        0x5 /usr/lib/gcc/x86_64-linux-gnu/9/../../../../lib32/crtn.o

.plt            0x0000000008049030      0x1a0
 *(.plt)
 .plt           0x0000000008049030      0x1a0 /usr/lib/gcc/x86_64-linux-gnu/9/../../../../lib32/crt1.o
                0x0000000008049040                sigprocmask@@GLIBC_2.0
                0x0000000008049050                reallocarray@@GLIBC_2.26
                0x0000000008049060                setcontext@@GLIBC_2.0
                0x0000000008049070                __stack_chk_fail@@GLIBC_2.4
                0x0000000008049080                strerror@@GLIBC_2.0
                0x0000000008049090                clock@@GLIBC_2.0
                0x00000000080490a0                kill@@GLIBC_2.0
                0x00000000080490b0                getopt_long@@GLIBC_2.0
                0x00000000080490c0                __libc_start_main@@GLIBC_2.0
                0x00000000080490d0                sigdelset@@GLIBC_2.0
                0x00000000080490e0                getcontext@@GLIBC_2.1
                0x00000000080490f0                sigaddset@@GLIBC_2.0
                0x0000000008049100                dlsym@@GLIBC_2.0
                0x0000000008049110                sigfillset@@GLIBC_2.0
                0x0000000008049120                snprintf@@GLIBC_2.0
                0x0000000008049130                swapcontext@@GLIBC_2.1
                0x0000000008049140                __errno_location@@GLIBC_2.0
                0x0000000008049150                fileno@@GLIBC_2.0
                0x0000000008049160                makecontext@@GLIBC_2.1
                0x0000000008049170                strndup@@GLIBC_2.0
                0x0000000008049180                sigemptyset@@GLIBC_2.0
                0x0000000008049190                vsnprintf@@GLIBC_2.0
                0x00000000080491a0                sigaction@@GLIBC_2.0
                0x00000000080491b0                strtol@@GLIBC_2.0
                0x00000000080491c0                sigaltstack@@GLIBC_2.0
 *(.iplt)
 .iplt          0x00000000080491d0        0x0 /usr/lib/gcc/x86_64-linux-gnu/9/../../../../lib32/crt1.o

.plt.got        0x00000000080491d0        0x0
 *(.plt.got)
 .plt.got       0x00000000080491d0        0x0 /usr/lib/gcc/x86_64-linux-gnu/9/../../../../lib32/crt1.o

.plt.sec
 *(.plt.sec)

.text           0x00000000080491d0     0x4cf8
 *(.text.unlikely .text.*_unlikely .text.unlikely.*)
 *(.text.exit .text.exit.*)
 *(.text.startup .text.startup.*)
 .text.startup  0x00000000080491d0      0x2e7 /home/hthap/Public/RIOT/RIOT/examples/project_os/bin/native/cpu/startup.o
 *(.text.hot .text.hot.*)
 *(SORT_BY_NAME(.text.sorted.*))
 *(.text .stub .text.* .gnu.linkonce.t.*)
 *fill*         0x00000000080494b7        0x9 
 .text          0x00000000080494c0       0x45 /usr/lib/gcc/x86_64-linux-gnu/9/../../../../lib32/crt1.o
                0x00000000080494c0                _start
                0x0000000008049500                _dl_relocate_static_pie
 *fill*         0x0000000008049505        0xb 
 .text.__x86.get_pc_thunk.bx
                0x0000000008049510        0x4 /usr/lib/gcc/x86_64-linux-gnu/9/../../../../lib32/crti.o
                0x0000000008049510                __x86.get_pc_thunk.bx
 *fill*         0x0000000008049514        0xc 
 .text          0x0000000008049520       0xb6 /usr/lib/gcc/x86_64-linux-gnu/9/32/crtbegin.o
 .text.check_grid
                0x00000000080495d6      0x113 /home/hthap/Public/RIOT/RIOT/examples/project_os/bin/native/application_Project_OS/main.o
                0x00000000080495d6                check_grid
 .text.check_rows
                0x00000000080496e9       0xea /home/hthap/Public/RIOT/RIOT/examples/project_os/bin/native/application_Project_OS/main.o
                0x00000000080496e9                check_rows
 .text.check_cols
                0x00000000080497d3       0xee /home/hthap/Public/RIOT/RIOT/examples/project_os/bin/native/application_Project_OS/main.o
                0x00000000080497d3                check_cols
 .text.chk_grid
                0x00000000080498c1       0xef /home/hthap/Public/RIOT/RIOT/examples/project_os/bin/native/application_Project_OS/main.o
                0x00000000080498c1                chk_grid
 .text.check_line
                0x00000000080499b0       0x90 /home/hthap/Public/RIOT/RIOT/examples/project_os/bin/native/application_Project_OS/main.o
                0x00000000080499b0                check_line
 .text.sudoku_checker
                0x0000000008049a40       0x97 /home/hthap/Public/RIOT/RIOT/examples/project_os/bin/native/application_Project_OS/main.o
                0x0000000008049a40                sudoku_checker
 .text.main     0x0000000008049ad7      0x394 /home/hthap/Public/RIOT/RIOT/examples/project_os/bin/native/application_Project_OS/main.o
                0x0000000008049ad7                main
 .text.__x86.get_pc_thunk.bp
                0x0000000008049e6b        0x4 /home/hthap/Public/RIOT/RIOT/examples/project_os/bin/native/application_Project_OS/main.o
                0x0000000008049e6b                __x86.get_pc_thunk.bp
 .text.auto_init
                0x0000000008049e6f       0x40 /home/hthap/Public/RIOT/RIOT/examples/project_os/bin/native/auto_init/auto_init.o
                0x0000000008049e6f                auto_init
 .text.board_init
                0x0000000008049eaf       0x45 /home/hthap/Public/RIOT/RIOT/examples/project_os/bin/native/board/board_init.o
                0x0000000008049eaf                board_init
 .text._assert_failure
                0x0000000008049ef4       0x44 /home/hthap/Public/RIOT/RIOT/examples/project_os/bin/native/core_lib/assert.o
                0x0000000008049ef4                _assert_failure
 .text.main_trampoline
                0x0000000008049f38       0x57 /home/hthap/Public/RIOT/RIOT/examples/project_os/bin/native/core_lib/init.o
 .text.idle_thread
                0x0000000008049f8f       0x26 /home/hthap/Public/RIOT/RIOT/examples/project_os/bin/native/core_lib/init.o
 .text.kernel_init
                0x0000000008049fb5       0x7c /home/hthap/Public/RIOT/RIOT/examples/project_os/bin/native/core_lib/init.o
                0x0000000008049fb5                kernel_init
 .text.panic_app
                0x000000000804a031       0x27 /home/hthap/Public/RIOT/RIOT/examples/project_os/bin/native/core_lib/panic.o
                0x000000000804a031                panic_app
 .text.core_panic
                0x000000000804a058       0x93 /home/hthap/Public/RIOT/RIOT/examples/project_os/bin/native/core_lib/panic.o
                0x000000000804a058                core_panic
 .text.__x86.get_pc_thunk.ax
                0x000000000804a0eb        0x4 /home/hthap/Public/RIOT/RIOT/examples/project_os/bin/native/core/msg.o
                0x000000000804a0eb                __x86.get_pc_thunk.ax
 .text.__x86.get_pc_thunk.cx
                0x000000000804a0ef        0x4 /home/hthap/Public/RIOT/RIOT/examples/project_os/bin/native/core/msg.o
                0x000000000804a0ef                __x86.get_pc_thunk.cx
 .text.__x86.get_pc_thunk.si
                0x000000000804a0f3        0x4 /home/hthap/Public/RIOT/RIOT/examples/project_os/bin/native/core/msg.o
                0x000000000804a0f3                __x86.get_pc_thunk.si
 .text._unschedule
                0x000000000804a0f7       0x62 /home/hthap/Public/RIOT/RIOT/examples/project_os/bin/native/core/sched.o
 .text.sched_run
                0x000000000804a159       0xa4 /home/hthap/Public/RIOT/RIOT/examples/project_os/bin/native/core/sched.o
                0x000000000804a159                sched_run
 .text.sched_set_status
                0x000000000804a1fd      0x108 /home/hthap/Public/RIOT/RIOT/examples/project_os/bin/native/core/sched.o
                0x000000000804a1fd                sched_set_status
 .text.sched_switch
                0x000000000804a305       0x6f /home/hthap/Public/RIOT/RIOT/examples/project_os/bin/native/core/sched.o
                0x000000000804a305                sched_switch
 .text.sched_task_exit
                0x000000000804a374       0x65 /home/hthap/Public/RIOT/RIOT/examples/project_os/bin/native/core/sched.o
                0x000000000804a374                sched_task_exit
 .text.thread_zombify
                0x000000000804a3d9       0x60 /home/hthap/Public/RIOT/RIOT/examples/project_os/bin/native/core/thread.o
                0x000000000804a3d9                thread_zombify
 .text.thread_kill_zombie
                0x000000000804a439       0xb4 /home/hthap/Public/RIOT/RIOT/examples/project_os/bin/native/core/thread.o
                0x000000000804a439                thread_kill_zombie
 .text.thread_create
                0x000000000804a4ed      0x1ff /home/hthap/Public/RIOT/RIOT/examples/project_os/bin/native/core/thread.o
                0x000000000804a4ed                thread_create
 .text.__x86.get_pc_thunk.dx
                0x000000000804a6ec        0x4 /home/hthap/Public/RIOT/RIOT/examples/project_os/bin/native/core/thread.o
                0x000000000804a6ec                __x86.get_pc_thunk.dx
 .text.native_async_read_cleanup
                0x000000000804a6f0       0x89 /home/hthap/Public/RIOT/RIOT/examples/project_os/bin/native/cpu/async_read.o
                0x000000000804a6f0                native_async_read_cleanup
 .text.native_shutdown
                0x000000000804a779       0x3b /home/hthap/Public/RIOT/RIOT/examples/project_os/bin/native/cpu/irq_cpu.o
 .text.irq_disable
                0x000000000804a7b4       0x86 /home/hthap/Public/RIOT/RIOT/examples/project_os/bin/native/cpu/irq_cpu.o
                0x000000000804a7b4                irq_disable
 .text.irq_enable
                0x000000000804a83a       0xc3 /home/hthap/Public/RIOT/RIOT/examples/project_os/bin/native/cpu/irq_cpu.o
                0x000000000804a83a                irq_enable
 .text.irq_restore
                0x000000000804a8fd       0x3c /home/hthap/Public/RIOT/RIOT/examples/project_os/bin/native/cpu/irq_cpu.o
                0x000000000804a8fd                irq_restore
 .text.irq_is_in
                0x000000000804a939       0x3f /home/hthap/Public/RIOT/RIOT/examples/project_os/bin/native/cpu/irq_cpu.o
                0x000000000804a939                irq_is_in
 .text._native_popsig
                0x000000000804a978       0x92 /home/hthap/Public/RIOT/RIOT/examples/project_os/bin/native/cpu/irq_cpu.o
                0x000000000804a978                _native_popsig
 .text.native_irq_handler
                0x000000000804aa0a       0x7c /home/hthap/Public/RIOT/RIOT/examples/project_os/bin/native/cpu/irq_cpu.o
                0x000000000804aa0a                native_irq_handler
 .text.isr_set_sigmask
                0x000000000804aa86       0x54 /home/hthap/Public/RIOT/RIOT/examples/project_os/bin/native/cpu/irq_cpu.o
                0x000000000804aa86                isr_set_sigmask
 .text.native_isr_entry
                0x000000000804aada      0x169 /home/hthap/Public/RIOT/RIOT/examples/project_os/bin/native/cpu/irq_cpu.o
                0x000000000804aada                native_isr_entry
 .text.set_signal_handler
                0x000000000804ac43      0x14a /home/hthap/Public/RIOT/RIOT/examples/project_os/bin/native/cpu/irq_cpu.o
                0x000000000804ac43                set_signal_handler
 .text.register_interrupt
                0x000000000804ad8d       0x71 /home/hthap/Public/RIOT/RIOT/examples/project_os/bin/native/cpu/irq_cpu.o
                0x000000000804ad8d                register_interrupt
 .text.unregister_interrupt
                0x000000000804adfe       0x6b /home/hthap/Public/RIOT/RIOT/examples/project_os/bin/native/cpu/irq_cpu.o
                0x000000000804adfe                unregister_interrupt
 .text.native_interrupt_init
                0x000000000804ae69      0x396 /home/hthap/Public/RIOT/RIOT/examples/project_os/bin/native/cpu/irq_cpu.o
                0x000000000804ae69                native_interrupt_init
 .text.__x86.get_pc_thunk.di
                0x000000000804b1ff        0x4 /home/hthap/Public/RIOT/RIOT/examples/project_os/bin/native/cpu/irq_cpu.o
                0x000000000804b1ff                __x86.get_pc_thunk.di
 .text._native_mod_ctx_leave_sigh
                0x000000000804b203       0x46 /home/hthap/Public/RIOT/RIOT/examples/project_os/bin/native/cpu/native_cpu.o
 .text.isr_cpu_switch_context_exit
                0x000000000804b249       0x8f /home/hthap/Public/RIOT/RIOT/examples/project_os/bin/native/cpu/native_cpu.o
                0x000000000804b249                isr_cpu_switch_context_exit
 .text.isr_thread_yield
                0x000000000804b2d8       0x8f /home/hthap/Public/RIOT/RIOT/examples/project_os/bin/native/cpu/native_cpu.o
                0x000000000804b2d8                isr_thread_yield
 .text.thread_stack_init
                0x000000000804b367      0x118 /home/hthap/Public/RIOT/RIOT/examples/project_os/bin/native/cpu/native_cpu.o
                0x000000000804b367                thread_stack_init
 .text.cpu_switch_context_exit
                0x000000000804b47f       0xa3 /home/hthap/Public/RIOT/RIOT/examples/project_os/bin/native/cpu/native_cpu.o
                0x000000000804b47f                cpu_switch_context_exit
 .text.thread_yield_higher
                0x000000000804b522       0xd6 /home/hthap/Public/RIOT/RIOT/examples/project_os/bin/native/cpu/native_cpu.o
                0x000000000804b522                thread_yield_higher
 .text.native_cpu_init
                0x000000000804b5f8       0xa5 /home/hthap/Public/RIOT/RIOT/examples/project_os/bin/native/cpu/native_cpu.o
                0x000000000804b5f8                native_cpu_init
 .text.panic_arch
                0x000000000804b69d       0x48 /home/hthap/Public/RIOT/RIOT/examples/project_os/bin/native/cpu/panic.o
                0x000000000804b69d                panic_arch
 .text._reset_handler
                0x000000000804b6e5       0x3b /home/hthap/Public/RIOT/RIOT/examples/project_os/bin/native/cpu/startup.o
 .text.filter_daemonize_argv
                0x000000000804b720       0x84 /home/hthap/Public/RIOT/RIOT/examples/project_os/bin/native/cpu/startup.o
 .text._native_input
                0x000000000804b7a4       0x94 /home/hthap/Public/RIOT/RIOT/examples/project_os/bin/native/cpu/startup.o
                0x000000000804b7a4                _native_input
 .text._native_log_output
                0x000000000804b838      0x15e /home/hthap/Public/RIOT/RIOT/examples/project_os/bin/native/cpu/startup.o
                0x000000000804b838                _native_log_output
 .text.daemonize
                0x000000000804b996       0xe7 /home/hthap/Public/RIOT/RIOT/examples/project_os/bin/native/cpu/startup.o
                0x000000000804b996                daemonize
 .text.usage_exit
                0x000000000804ba7d       0x89 /home/hthap/Public/RIOT/RIOT/examples/project_os/bin/native/cpu/startup.o
                0x000000000804ba7d                usage_exit
 .text._native_syscall_enter
                0x000000000804bb06       0x3e /home/hthap/Public/RIOT/RIOT/examples/project_os/bin/native/cpu/syscalls.o
                0x000000000804bb06                _native_syscall_enter
 .text.err      0x000000000804bb44       0x2a /home/hthap/Public/RIOT/RIOT/examples/project_os/bin/native/cpu/syscalls.o
                0x000000000804bb44                err
 .text._native_syscall_leave
                0x000000000804bb6e       0xfe /home/hthap/Public/RIOT/RIOT/examples/project_os/bin/native/cpu/syscalls.o
                0x000000000804bb6e                _native_syscall_leave
 .text.malloc   0x000000000804bc6c       0xa0 /home/hthap/Public/RIOT/RIOT/examples/project_os/bin/native/cpu/syscalls.o
                0x000000000804bc6c                malloc
 .text.free     0x000000000804bd0c       0x53 /home/hthap/Public/RIOT/RIOT/examples/project_os/bin/native/cpu/syscalls.o
                0x000000000804bd0c                free
 .text.calloc   0x000000000804bd5f       0xa7 /home/hthap/Public/RIOT/RIOT/examples/project_os/bin/native/cpu/syscalls.o
                0x000000000804bd5f                calloc
 .text.realloc  0x000000000804be06       0x5e /home/hthap/Public/RIOT/RIOT/examples/project_os/bin/native/cpu/syscalls.o
                0x000000000804be06                realloc
 .text.make_message
                0x000000000804be64       0xb8 /home/hthap/Public/RIOT/RIOT/examples/project_os/bin/native/cpu/syscalls.o
                0x000000000804be64                make_message
 .text._native_read
                0x000000000804bf1c       0x7c /home/hthap/Public/RIOT/RIOT/examples/project_os/bin/native/cpu/syscalls.o
                0x000000000804bf1c                _native_read
 .text.getc     0x000000000804bf98       0x62 /home/hthap/Public/RIOT/RIOT/examples/project_os/bin/native/cpu/syscalls.o
                0x000000000804bf98                getc
 .text.fgetc    0x000000000804bffa       0x35 /home/hthap/Public/RIOT/RIOT/examples/project_os/bin/native/cpu/syscalls.o
                0x000000000804bffa                fgetc
 .text._native_write
                0x000000000804c02f       0x80 /home/hthap/Public/RIOT/RIOT/examples/project_os/bin/native/cpu/syscalls.o
                0x000000000804c02f                _native_write
 .text.putchar  0x000000000804c0af       0x42 /home/hthap/Public/RIOT/RIOT/examples/project_os/bin/native/cpu/syscalls.o
                0x000000000804c0af                putchar
 .text.putc     0x000000000804c0f1       0x5a /home/hthap/Public/RIOT/RIOT/examples/project_os/bin/native/cpu/syscalls.o
                0x000000000804c0f1                putc
 .text.puts     0x000000000804c14b       0x5d /home/hthap/Public/RIOT/RIOT/examples/project_os/bin/native/cpu/syscalls.o
                0x000000000804c14b                puts
 .text.vwarn    0x000000000804c1a8      0x138 /home/hthap/Public/RIOT/RIOT/examples/project_os/bin/native/cpu/syscalls.o
                0x000000000804c1a8                vwarn
 .text.verr     0x000000000804c2e0       0x3a /home/hthap/Public/RIOT/RIOT/examples/project_os/bin/native/cpu/syscalls.o
                0x000000000804c2e0                verr
 .text.warn     0x000000000804c31a       0x3d /home/hthap/Public/RIOT/RIOT/examples/project_os/bin/native/cpu/syscalls.o
                0x000000000804c31a                warn
 .text.vwarnx   0x000000000804c357       0xee /home/hthap/Public/RIOT/RIOT/examples/project_os/bin/native/cpu/syscalls.o
                0x000000000804c357                vwarnx
 .text.verrx    0x000000000804c445       0x3a /home/hthap/Public/RIOT/RIOT/examples/project_os/bin/native/cpu/syscalls.o
                0x000000000804c445                verrx
 .text.warnx    0x000000000804c47f       0x3d /home/hthap/Public/RIOT/RIOT/examples/project_os/bin/native/cpu/syscalls.o
                0x000000000804c47f                warnx
 .text.vfprintf
                0x000000000804c4bc       0x9d /home/hthap/Public/RIOT/RIOT/examples/project_os/bin/native/cpu/syscalls.o
                0x000000000804c4bc                vfprintf
 .text.vprintf  0x000000000804c559       0x4b /home/hthap/Public/RIOT/RIOT/examples/project_os/bin/native/cpu/syscalls.o
                0x000000000804c559                vprintf
 .text.printf   0x000000000804c5a4       0x4f /home/hthap/Public/RIOT/RIOT/examples/project_os/bin/native/cpu/syscalls.o
                0x000000000804c5a4                printf
 .text.fprintf  0x000000000804c5f3       0x41 /home/hthap/Public/RIOT/RIOT/examples/project_os/bin/native/cpu/syscalls.o
                0x000000000804c5f3                fprintf
 .text.errx     0x000000000804c634       0x2a /home/hthap/Public/RIOT/RIOT/examples/project_os/bin/native/cpu/syscalls.o
                0x000000000804c634                errx
 .text.getpid   0x000000000804c65e       0x47 /home/hthap/Public/RIOT/RIOT/examples/project_os/bin/native/cpu/syscalls.o
                0x000000000804c65e                getpid
 .text._native_init_syscalls
                0x000000000804c6a5      0x4e2 /home/hthap/Public/RIOT/RIOT/examples/project_os/bin/native/cpu/syscalls.o
                0x000000000804c6a5                _native_init_syscalls
 .text          0x000000000804cb87       0x3f /home/hthap/Public/RIOT/RIOT/examples/project_os/bin/native/cpu/tramp.o
                0x000000000804cb87                _native_sig_leave_tramp
                0x000000000804cbb5                _native_sig_leave_handler
 .text.led_init
                0x000000000804cbc6       0x27 /home/hthap/Public/RIOT/RIOT/examples/project_os/bin/native/periph_common/init_leds.o
                0x000000000804cbc6                led_init
 .text.periph_init
                0x000000000804cbed       0x3b /home/hthap/Public/RIOT/RIOT/examples/project_os/bin/native/periph_common/init.o
                0x000000000804cbed                periph_init
 .text.gpio_linux_setup
                0x000000000804cc28      0x15d /home/hthap/Public/RIOT/RIOT/examples/project_os/bin/native/periph/gpio_linux.o
                0x000000000804cc28                gpio_linux_setup
 .text.gpio_linux_teardown
                0x000000000804cd85       0xe9 /home/hthap/Public/RIOT/RIOT/examples/project_os/bin/native/periph/gpio_linux.o
                0x000000000804cd85                gpio_linux_teardown
 .text._native_sleep
                0x000000000804ce6e       0x72 /home/hthap/Public/RIOT/RIOT/examples/project_os/bin/native/periph/pm.o
 .text.pm_set_lowest
                0x000000000804cee0       0x2e /home/hthap/Public/RIOT/RIOT/examples/project_os/bin/native/periph/pm.o
                0x000000000804cee0                pm_set_lowest
 .text.pm_off   0x000000000804cf0e       0x3f /home/hthap/Public/RIOT/RIOT/examples/project_os/bin/native/periph/pm.o
                0x000000000804cf0e                pm_off
 .text.pm_reboot
                0x000000000804cf4d       0x77 /home/hthap/Public/RIOT/RIOT/examples/project_os/bin/native/periph/pm.o
                0x000000000804cf4d                pm_reboot
 .text.ts2ticks
                0x000000000804cfc4       0x44 /home/hthap/Public/RIOT/RIOT/examples/project_os/bin/native/periph/timer.o
 .text.native_isr_timer
                0x000000000804d008       0x44 /home/hthap/Public/RIOT/RIOT/examples/project_os/bin/native/periph/timer.o
                0x000000000804d008                native_isr_timer
 .text.timer_start
                0x000000000804d04c       0x6f /home/hthap/Public/RIOT/RIOT/examples/project_os/bin/native/periph/timer.o
                0x000000000804d04c                timer_start
 .text.do_timer_set
                0x000000000804d0bb       0xaa /home/hthap/Public/RIOT/RIOT/examples/project_os/bin/native/periph/timer.o
 .text.timer_set
                0x000000000804d165       0x5b /home/hthap/Public/RIOT/RIOT/examples/project_os/bin/native/periph/timer.o
                0x000000000804d165                timer_set
 .text.timer_clear
                0x000000000804d1c0       0x42 /home/hthap/Public/RIOT/RIOT/examples/project_os/bin/native/periph/timer.o
                0x000000000804d1c0                timer_clear
 .text.timer_read
                0x000000000804d202       0x88 /home/hthap/Public/RIOT/RIOT/examples/project_os/bin/native/periph/timer.o
                0x000000000804d202                timer_read
 .text.timer_init
                0x000000000804d28a       0xa2 /home/hthap/Public/RIOT/RIOT/examples/project_os/bin/native/periph/timer.o
                0x000000000804d28a                timer_init
 .text.tty_uart_setup
                0x000000000804d32c       0x55 /home/hthap/Public/RIOT/RIOT/examples/project_os/bin/native/periph/uart.o
                0x000000000804d32c                tty_uart_setup
 .text.sched_runq_callback
                0x000000000804d381       0xf1 /home/hthap/Public/RIOT/RIOT/examples/project_os/bin/native/sched_round_robin/sched_round_robin.o
                0x000000000804d381                sched_runq_callback
 .text._sched_round_robin_cb
                0x000000000804d472       0x8f /home/hthap/Public/RIOT/RIOT/examples/project_os/bin/native/sched_round_robin/sched_round_robin.o
 .text.sched_round_robin_init
                0x000000000804d501       0x57 /home/hthap/Public/RIOT/RIOT/examples/project_os/bin/native/sched_round_robin/sched_round_robin.o
                0x000000000804d501                sched_round_robin_init
 .text.stdio_init
                0x000000000804d558       0x27 /home/hthap/Public/RIOT/RIOT/examples/project_os/bin/native/stdio_native/stdio_native.o
                0x000000000804d558                stdio_init
 .text.stdio_read
                0x000000000804d57f       0x48 /home/hthap/Public/RIOT/RIOT/examples/project_os/bin/native/stdio_native/stdio_native.o
                0x000000000804d57f                stdio_read
 .text.stdio_write
                0x000000000804d5c7       0x48 /home/hthap/Public/RIOT/RIOT/examples/project_os/bin/native/stdio_native/stdio_native.o
                0x000000000804d5c7                stdio_write
 .text._is_set  0x000000000804d60f       0x4f /home/hthap/Public/RIOT/RIOT/examples/project_os/bin/native/ztimer_core/core.o
 .text._add_entry_to_list
                0x000000000804d65e       0x61 /home/hthap/Public/RIOT/RIOT/examples/project_os/bin/native/ztimer_core/core.o
 .text._add_modulo
                0x000000000804d6bf       0x32 /home/hthap/Public/RIOT/RIOT/examples/project_os/bin/native/ztimer_core/core.o
 .text._now_next
                0x000000000804d6f1       0x51 /home/hthap/Public/RIOT/RIOT/examples/project_os/bin/native/ztimer_core/core.o
 .text._ztimer_update
                0x000000000804d742       0x8c /home/hthap/Public/RIOT/RIOT/examples/project_os/bin/native/ztimer_core/core.o
 .text._del_entry_from_list
                0x000000000804d7ce       0x99 /home/hthap/Public/RIOT/RIOT/examples/project_os/bin/native/ztimer_core/core.o
 .text._ztimer_now_extend
                0x000000000804d867       0x9e /home/hthap/Public/RIOT/RIOT/examples/project_os/bin/native/ztimer_core/core.o
                0x000000000804d867                _ztimer_now_extend
 .text._ztimer_update_head_offset
                0x000000000804d905       0x9e /home/hthap/Public/RIOT/RIOT/examples/project_os/bin/native/ztimer_core/core.o
 .text.ztimer_remove
                0x000000000804d9a3       0x8a /home/hthap/Public/RIOT/RIOT/examples/project_os/bin/native/ztimer_core/core.o
                0x000000000804d9a3                ztimer_remove
 .text.ztimer_set
                0x000000000804da2d       0xc8 /home/hthap/Public/RIOT/RIOT/examples/project_os/bin/native/ztimer_core/core.o
                0x000000000804da2d                ztimer_set
 .text.ztimer_handler
                0x000000000804daf5      0x110 /home/hthap/Public/RIOT/RIOT/examples/project_os/bin/native/ztimer_core/core.o
                0x000000000804daf5                ztimer_handler
 .text.ztimer_init
                0x000000000804dc05       0x4e /home/hthap/Public/RIOT/RIOT/examples/project_os/bin/native/ztimer_core/init.o
                0x000000000804dc05                ztimer_init
 .text._ztimer_periph_timer_callback
                0x000000000804dc53       0x42 /home/hthap/Public/RIOT/RIOT/examples/project_os/bin/native/ztimer_core/periph_timer.o
 .text._ztimer_periph_timer_cancel
                0x000000000804dc95       0x49 /home/hthap/Public/RIOT/RIOT/examples/project_os/bin/native/ztimer_core/periph_timer.o
 .text._ztimer_periph_timer_now
                0x000000000804dcde       0x47 /home/hthap/Public/RIOT/RIOT/examples/project_os/bin/native/ztimer_core/periph_timer.o
 .text._ztimer_periph_timer_set
                0x000000000804dd25       0x71 /home/hthap/Public/RIOT/RIOT/examples/project_os/bin/native/ztimer_core/periph_timer.o
 .text.ztimer_periph_timer_init
                0x000000000804dd96       0x9a /home/hthap/Public/RIOT/RIOT/examples/project_os/bin/native/ztimer_core/periph_timer.o
                0x000000000804dd96                ztimer_periph_timer_init
 .text          0x000000000804de30       0x75 /usr/lib32/libc_nonshared.a(elf-init.oS)
                0x000000000804de30                __libc_csu_init
                0x000000000804dea0                __libc_csu_fini
 *fill*         0x000000000804dea5        0xb 
 .text          0x000000000804deb0       0x18 /usr/lib32/libc_nonshared.a(stack_chk_fail_local.oS)
                0x000000000804deb0                __stack_chk_fail_local
 *(.gnu.warning)
LOAD /usr/lib/gcc/x86_64-linux-gnu/9/../../../../lib32/crt1.o
LOAD /usr/lib/gcc/x86_64-linux-gnu/9/../../../../lib32/crti.o
LOAD /usr/lib/gcc/x86_64-linux-gnu/9/32/crtbegin.o
LOAD /home/hthap/Public/RIOT/RIOT/examples/project_os/bin/native/application_Project_OS/main.o
LOAD /home/hthap/Public/RIOT/RIOT/examples/project_os/bin/native/auto_init/auto_init.o
LOAD /home/hthap/Public/RIOT/RIOT/examples/project_os/bin/native/board/board_init.o
LOAD /home/hthap/Public/RIOT/RIOT/examples/project_os/bin/native/board_common_init/board_common.o
LOAD /home/hthap/Public/RIOT/RIOT/examples/project_os/bin/native/core/cond.o
LOAD /home/hthap/Public/RIOT/RIOT/examples/project_os/bin/native/core_lib/assert.o
LOAD /home/hthap/Public/RIOT/RIOT/examples/project_os/bin/native/core_lib/atomic_c11.o
LOAD /home/hthap/Public/RIOT/RIOT/examples/project_os/bin/native/core_lib/atomic_sync.o
LOAD /home/hthap/Public/RIOT/RIOT/examples/project_os/bin/native/core_lib/bitarithm.o
LOAD /home/hthap/Public/RIOT/RIOT/examples/project_os/bin/native/core_lib/clist.o
LOAD /home/hthap/Public/RIOT/RIOT/examples/project_os/bin/native/core_lib/init.o
LOAD /home/hthap/Public/RIOT/RIOT/examples/project_os/bin/native/core_lib/panic.o
LOAD /home/hthap/Public/RIOT/RIOT/examples/project_os/bin/native/core_lib/priority_queue.o
LOAD /home/hthap/Public/RIOT/RIOT/examples/project_os/bin/native/core_lib/ringbuffer.o
LOAD /home/hthap/Public/RIOT/RIOT/examples/project_os/bin/native/core_lib/rmutex.o
LOAD /home/hthap/Public/RIOT/RIOT/examples/project_os/bin/native/core/msg.o
LOAD /home/hthap/Public/RIOT/RIOT/examples/project_os/bin/native/core/mutex.o
LOAD /home/hthap/Public/RIOT/RIOT/examples/project_os/bin/native/core/sched.o
LOAD /home/hthap/Public/RIOT/RIOT/examples/project_os/bin/native/core/thread.o
LOAD /home/hthap/Public/RIOT/RIOT/examples/project_os/bin/native/cpu/async_read.o
LOAD /home/hthap/Public/RIOT/RIOT/examples/project_os/bin/native/cpu/irq_cpu.o
LOAD /home/hthap/Public/RIOT/RIOT/examples/project_os/bin/native/cpu/native_cpu.o
LOAD /home/hthap/Public/RIOT/RIOT/examples/project_os/bin/native/cpu/panic.o
LOAD /home/hthap/Public/RIOT/RIOT/examples/project_os/bin/native/cpu/startup.o
LOAD /home/hthap/Public/RIOT/RIOT/examples/project_os/bin/native/cpu/syscalls.o
LOAD /home/hthap/Public/RIOT/RIOT/examples/project_os/bin/native/cpu/tramp.o
LOAD /home/hthap/Public/RIOT/RIOT/examples/project_os/bin/native/frac/frac.o
LOAD /home/hthap/Public/RIOT/RIOT/examples/project_os/bin/native/native_drivers/native-led.o
LOAD /home/hthap/Public/RIOT/RIOT/examples/project_os/bin/native/native_drivers/native-qdec.o
LOAD /home/hthap/Public/RIOT/RIOT/examples/project_os/bin/native/periph_common/gpio.o
LOAD /home/hthap/Public/RIOT/RIOT/examples/project_os/bin/native/periph_common/init_leds.o
LOAD /home/hthap/Public/RIOT/RIOT/examples/project_os/bin/native/periph_common/init.o
LOAD /home/hthap/Public/RIOT/RIOT/examples/project_os/bin/native/periph_common/pm.o
LOAD /home/hthap/Public/RIOT/RIOT/examples/project_os/bin/native/periph_common/timer.o
LOAD /home/hthap/Public/RIOT/RIOT/examples/project_os/bin/native/periph/gpio_linux.o
LOAD /home/hthap/Public/RIOT/RIOT/examples/project_os/bin/native/periph/pm.o
LOAD /home/hthap/Public/RIOT/RIOT/examples/project_os/bin/native/periph/timer.o
LOAD /home/hthap/Public/RIOT/RIOT/examples/project_os/bin/native/periph/uart.o
LOAD /home/hthap/Public/RIOT/RIOT/examples/project_os/bin/native/sched_round_robin/sched_round_robin.o
LOAD /home/hthap/Public/RIOT/RIOT/examples/project_os/bin/native/stdio_native/stdio_native.o
LOAD /home/hthap/Public/RIOT/RIOT/examples/project_os/bin/native/ztimer_core/convert_frac.o
LOAD /home/hthap/Public/RIOT/RIOT/examples/project_os/bin/native/ztimer_core/convert.o
LOAD /home/hthap/Public/RIOT/RIOT/examples/project_os/bin/native/ztimer_core/convert_shift.o
LOAD /home/hthap/Public/RIOT/RIOT/examples/project_os/bin/native/ztimer_core/core.o
LOAD /home/hthap/Public/RIOT/RIOT/examples/project_os/bin/native/ztimer_core/init.o
LOAD /home/hthap/Public/RIOT/RIOT/examples/project_os/bin/native/ztimer_core/periodic.o
LOAD /home/hthap/Public/RIOT/RIOT/examples/project_os/bin/native/ztimer_core/periph_timer.o
LOAD /home/hthap/Public/RIOT/RIOT/examples/project_os/bin/native/ztimer_core/util.o
LOAD /usr/lib/gcc/x86_64-linux-gnu/9/../../../../lib32/libm.so
LOAD /usr/lib/gcc/x86_64-linux-gnu/9/../../../../lib32/libdl.so
LOAD /usr/lib/gcc/x86_64-linux-gnu/9/32/libgcc.a
LOAD /usr/lib/gcc/x86_64-linux-gnu/9/32/libgcc_s.so
START GROUP
LOAD /usr/lib/gcc/x86_64-linux-gnu/9/../../../../lib32/libgcc_s.so.1
LOAD /usr/lib/gcc/x86_64-linux-gnu/9/32/libgcc.a
END GROUP
LOAD /usr/lib/gcc/x86_64-linux-gnu/9/../../../../lib32/libc.so
START GROUP
LOAD /lib32/libc.so.6
LOAD /usr/lib32/libc_nonshared.a
LOAD /lib32/ld-linux.so.2
END GROUP
LOAD /usr/lib/gcc/x86_64-linux-gnu/9/32/libgcc.a
LOAD /usr/lib/gcc/x86_64-linux-gnu/9/32/libgcc_s.so
START GROUP
LOAD /usr/lib/gcc/x86_64-linux-gnu/9/../../../../lib32/libgcc_s.so.1
LOAD /usr/lib/gcc/x86_64-linux-gnu/9/32/libgcc.a
END GROUP
LOAD /usr/lib/gcc/x86_64-linux-gnu/9/32/crtend.o
LOAD /usr/lib/gcc/x86_64-linux-gnu/9/../../../../lib32/crtn.o

.rodata         0x000000000804dee0     0x100d
 *(SORT_BY_NAME(.roxfa.*))
 *(.rodata .rodata.* .gnu.linkonce.r.*)
 .rodata.cst4   0x000000000804dee0        0x4 /usr/lib/gcc/x86_64-linux-gnu/9/../../../../lib32/crt1.o
                0x000000000804dee0                _IO_stdin_used
 .rodata.check_grid.str1.1
                0x000000000804dee4       0x10 /home/hthap/Public/RIOT/RIOT/examples/project_os/bin/native/application_Project_OS/main.o
 .rodata.chk_grid.str1.4
                0x000000000804def4       0x2a /home/hthap/Public/RIOT/RIOT/examples/project_os/bin/native/application_Project_OS/main.o
 .rodata.main.str1.1
                0x000000000804df1e       0xa0 /home/hthap/Public/RIOT/RIOT/examples/project_os/bin/native/application_Project_OS/main.o
 *fill*         0x000000000804dfbe        0x2 
 .rodata.main.str1.4
                0x000000000804dfc0       0x29 /home/hthap/Public/RIOT/RIOT/examples/project_os/bin/native/application_Project_OS/main.o
 *fill*         0x000000000804dfe9       0x17 
 .rodata        0x000000000804e000      0x144 /home/hthap/Public/RIOT/RIOT/examples/project_os/bin/native/application_Project_OS/main.o
 .rodata.cst4   0x000000000804e144        0x4 /home/hthap/Public/RIOT/RIOT/examples/project_os/bin/native/application_Project_OS/main.o
 .rodata.board_init.str1.4
                0x000000000804e148       0x1f /home/hthap/Public/RIOT/RIOT/examples/project_os/bin/native/board/board_init.o
 .rodata._assert_failure.str1.1
                0x000000000804e167       0x1c /home/hthap/Public/RIOT/RIOT/examples/project_os/bin/native/core_lib/assert.o
 *fill*         0x000000000804e183        0x1 
 .rodata.main_trampoline.str1.4
                0x000000000804e184       0x3a /home/hthap/Public/RIOT/RIOT/examples/project_os/bin/native/core_lib/init.o
 .rodata.kernel_init.str1.1
                0x000000000804e1be        0xa /home/hthap/Public/RIOT/RIOT/examples/project_os/bin/native/core_lib/init.o
 .rodata.core_panic.str1.1
                0x000000000804e1c8       0x2d /home/hthap/Public/RIOT/RIOT/examples/project_os/bin/native/core_lib/panic.o
 *fill*         0x000000000804e1f5        0x3 
 .rodata._unschedule.str1.4
                0x000000000804e1f8       0x2e /home/hthap/Public/RIOT/RIOT/examples/project_os/bin/native/core/sched.o
 .rodata.irq_disable.str1.1
                0x000000000804e226       0x19 /home/hthap/Public/RIOT/RIOT/examples/project_os/bin/native/cpu/irq_cpu.o
 .rodata.irq_enable.str1.1
                0x000000000804e23f       0x35 /home/hthap/Public/RIOT/RIOT/examples/project_os/bin/native/cpu/irq_cpu.o
 .rodata._native_popsig.str1.1
                0x000000000804e274       0x1a /home/hthap/Public/RIOT/RIOT/examples/project_os/bin/native/cpu/irq_cpu.o
 *fill*         0x000000000804e28e        0x2 
 .rodata.native_irq_handler.str1.4
                0x000000000804e290       0x6b /home/hthap/Public/RIOT/RIOT/examples/project_os/bin/native/cpu/irq_cpu.o
 *fill*         0x000000000804e2fb        0x1 
 .rodata.native_isr_entry.str1.4
                0x000000000804e2fc       0x8a /home/hthap/Public/RIOT/RIOT/examples/project_os/bin/native/cpu/irq_cpu.o
 .rodata.set_signal_handler.str1.1
                0x000000000804e386       0x3c /home/hthap/Public/RIOT/RIOT/examples/project_os/bin/native/cpu/irq_cpu.o
 *fill*         0x000000000804e3c2        0x2 
 .rodata.native_interrupt_init.str1.4
                0x000000000804e3c4      0x104 /home/hthap/Public/RIOT/RIOT/examples/project_os/bin/native/cpu/irq_cpu.o
 .rodata.native_interrupt_init.str1.1
                0x000000000804e4c8       0x1c /home/hthap/Public/RIOT/RIOT/examples/project_os/bin/native/cpu/irq_cpu.o
 .rodata.isr_cpu_switch_context_exit.str1.4
                0x000000000804e4e4       0x50 /home/hthap/Public/RIOT/RIOT/examples/project_os/bin/native/cpu/native_cpu.o
 .rodata.isr_thread_yield.str1.1
                0x000000000804e534       0x1d /home/hthap/Public/RIOT/RIOT/examples/project_os/bin/native/cpu/native_cpu.o
 .rodata.thread_stack_init.str1.1
                0x000000000804e551       0x1e /home/hthap/Public/RIOT/RIOT/examples/project_os/bin/native/cpu/native_cpu.o
 *fill*         0x000000000804e56f        0x1 
 .rodata.thread_stack_init.str1.4
                0x000000000804e570       0x1f /home/hthap/Public/RIOT/RIOT/examples/project_os/bin/native/cpu/native_cpu.o
 *fill*         0x000000000804e58f        0x1 
 .rodata.cpu_switch_context_exit.str1.4
                0x000000000804e590       0x28 /home/hthap/Public/RIOT/RIOT/examples/project_os/bin/native/cpu/native_cpu.o
                                         0x4c (size before relaxing)
 .rodata.thread_yield_higher.str1.4
                0x000000000804e5b8       0x21 /home/hthap/Public/RIOT/RIOT/examples/project_os/bin/native/cpu/native_cpu.o
 .rodata.native_cpu_init.str1.1
                0x000000000804e5d9       0x1c /home/hthap/Public/RIOT/RIOT/examples/project_os/bin/native/cpu/native_cpu.o
 .rodata.filter_daemonize_argv.str1.1
                0x000000000804e5f5        0x3 /home/hthap/Public/RIOT/RIOT/examples/project_os/bin/native/cpu/startup.o
 .rodata._native_input.str1.1
                0x000000000804e5f8       0x1a /home/hthap/Public/RIOT/RIOT/examples/project_os/bin/native/cpu/startup.o
 *fill*         0x000000000804e612        0x2 
 .rodata._native_input.str1.4
                0x000000000804e614       0x24 /home/hthap/Public/RIOT/RIOT/examples/project_os/bin/native/cpu/startup.o
 .rodata._native_log_output.str1.1
                0x000000000804e638       0x4f /home/hthap/Public/RIOT/RIOT/examples/project_os/bin/native/cpu/startup.o
                                         0x53 (size before relaxing)
 *fill*         0x000000000804e687        0x1 
 .rodata._native_log_output.str1.4
                0x000000000804e688       0x49 /home/hthap/Public/RIOT/RIOT/examples/project_os/bin/native/cpu/startup.o
 .rodata.daemonize.str1.1
                0x000000000804e6d1       0x43 /home/hthap/Public/RIOT/RIOT/examples/project_os/bin/native/cpu/startup.o
 .rodata.usage_exit.str1.1
                0x000000000804e714       0x28 /home/hthap/Public/RIOT/RIOT/examples/project_os/bin/native/cpu/startup.o
                                         0x2b (size before relaxing)
 .rodata.usage_exit.str1.4
                0x000000000804e73c      0x3d4 /home/hthap/Public/RIOT/RIOT/examples/project_os/bin/native/cpu/startup.o
 .rodata.startup.str1.4
                0x000000000804eb10       0x2f /home/hthap/Public/RIOT/RIOT/examples/project_os/bin/native/cpu/startup.o
 *fill*         0x000000000804eb3f        0x1 
 .rodata.startup
                0x000000000804eb40       0xbc /home/hthap/Public/RIOT/RIOT/examples/project_os/bin/native/cpu/startup.o
 .rodata.str1.1
                0x000000000804ebfc       0x4c /home/hthap/Public/RIOT/RIOT/examples/project_os/bin/native/cpu/startup.o
                                         0x4f (size before relaxing)
 .rodata.short_opts
                0x000000000804ec48        0xf /home/hthap/Public/RIOT/RIOT/examples/project_os/bin/native/cpu/startup.o
 *fill*         0x000000000804ec57        0x1 
 .rodata._native_syscall_leave.str1.4
                0x000000000804ec58       0x23 /home/hthap/Public/RIOT/RIOT/examples/project_os/bin/native/cpu/syscalls.o
 .rodata.malloc.str1.1
                0x000000000804ec7b        0x7 /home/hthap/Public/RIOT/RIOT/examples/project_os/bin/native/cpu/syscalls.o
 .rodata.calloc.str1.1
                0x000000000804ec82        0x7 /home/hthap/Public/RIOT/RIOT/examples/project_os/bin/native/cpu/syscalls.o
 .rodata.vwarn.str1.1
                0x000000000804ec89        0xb /home/hthap/Public/RIOT/RIOT/examples/project_os/bin/native/cpu/syscalls.o
                                          0xd (size before relaxing)
 .rodata.getpid.str1.1
                0x000000000804ec94       0x1a /home/hthap/Public/RIOT/RIOT/examples/project_os/bin/native/cpu/syscalls.o
 .rodata._native_init_syscalls.str1.1
                0x000000000804ecae      0x121 /home/hthap/Public/RIOT/RIOT/examples/project_os/bin/native/cpu/syscalls.o
                                        0x16e (size before relaxing)
 .rodata.gpio_linux_setup.str1.1
                0x000000000804edcf       0x43 /home/hthap/Public/RIOT/RIOT/examples/project_os/bin/native/periph/gpio_linux.o
 *fill*         0x000000000804ee12        0x2 
 .rodata.gpio_linux_setup.str1.4
                0x000000000804ee14       0x20 /home/hthap/Public/RIOT/RIOT/examples/project_os/bin/native/periph/gpio_linux.o
 .rodata.pm_off.str1.1
                0x000000000804ee34       0x11 /home/hthap/Public/RIOT/RIOT/examples/project_os/bin/native/periph/pm.o
 .rodata.pm_reboot.str1.1
                0x000000000804ee45       0x21 /home/hthap/Public/RIOT/RIOT/examples/project_os/bin/native/periph/pm.o
 *fill*         0x000000000804ee66        0x2 
 .rodata.pm_reboot.str1.4
                0x000000000804ee68       0x2a /home/hthap/Public/RIOT/RIOT/examples/project_os/bin/native/periph/pm.o
 .rodata.timer_start.str1.1
                0x000000000804ee92       0x15 /home/hthap/Public/RIOT/RIOT/examples/project_os/bin/native/periph/timer.o
 .rodata.timer_read.str1.1
                0x000000000804eea7       0x1a /home/hthap/Public/RIOT/RIOT/examples/project_os/bin/native/periph/timer.o
 .rodata._del_entry_from_list.str1.1
                0x000000000804eec1       0x12 /home/hthap/Public/RIOT/RIOT/examples/project_os/bin/native/ztimer_core/core.o
 .rodata.ztimer_periph_timer_init.str1.1
                0x000000000804eed3       0x1a /home/hthap/Public/RIOT/RIOT/examples/project_os/bin/native/ztimer_core/periph_timer.o

.data           0x000000000804ef00       0xf0
 *(SORT_BY_NAME(.xfa.*))
 *(.data .data.* .gnu.linkonce.d.*)
 .data.rel.ro   0x000000000804ef00        0x0 /usr/lib/gcc/x86_64-linux-gnu/9/../../../../lib32/crt1.o
 .data.rel.ro.local.long_opts
                0x000000000804ef00       0xa0 /home/hthap/Public/RIOT/RIOT/examples/project_os/bin/native/cpu/startup.o
 .data.rel.local._rr_timer
                0x000000000804efa0       0x10 /home/hthap/Public/RIOT/RIOT/examples/project_os/bin/native/sched_round_robin/sched_round_robin.o
 .data.rel.ro.local.ZTIMER_USEC
                0x000000000804efb0        0x4 /home/hthap/Public/RIOT/RIOT/examples/project_os/bin/native/ztimer_core/init.o
                0x000000000804efb0                ZTIMER_USEC
 *fill*         0x000000000804efb4        0xc 
 .data._ztimer_periph_timer
                0x000000000804efc0       0x24 /home/hthap/Public/RIOT/RIOT/examples/project_os/bin/native/ztimer_core/init.o
 .data.rel.ro.local._ztimer_periph_timer_ops
                0x000000000804efe4        0xc /home/hthap/Public/RIOT/RIOT/examples/project_os/bin/native/ztimer_core/periph_timer.o

.tm_clone_table
                0x000000000804eff0        0x0
 .tm_clone_table
                0x000000000804eff0        0x0 /usr/lib/gcc/x86_64-linux-gnu/9/32/crtbegin.o
 .tm_clone_table
                0x000000000804eff0        0x0 /usr/lib/gcc/x86_64-linux-gnu/9/32/crtend.o

.fini           0x000000000804eff0       0x18
 *(SORT_NONE(.fini))
 .fini          0x000000000804eff0       0x13 /usr/lib/gcc/x86_64-linux-gnu/9/../../../../lib32/crti.o
                0x000000000804eff0                _fini
 .fini          0x000000000804f003        0x5 /usr/lib/gcc/x86_64-linux-gnu/9/../../../../lib32/crtn.o
                [!provide]                        PROVIDE (__etext = .)
                [!provide]                        PROVIDE (_etext = .)
                [!provide]                        PROVIDE (etext = .)
                0x0000000008050000                . = ALIGN (CONSTANT (MAXPAGESIZE))
                0x0000000008050000                . = SEGMENT_START ("rodata-segment", (ALIGN (CONSTANT (MAXPAGESIZE)) + (. & (CONSTANT (MAXPAGESIZE) - 0x1))))

.rodata1
 *(.rodata1)

.eh_frame_hdr   0x0000000008050000      0x42c
 *(.eh_frame_hdr)
 .eh_frame_hdr  0x0000000008050000      0x42c /usr/lib/gcc/x86_64-linux-gnu/9/../../../../lib32/crt1.o
                0x0000000008050000                __GNU_EH_FRAME_HDR
 *(.eh_frame_entry .eh_frame_entry.*)

.eh_frame       0x000000000805042c     0x2420
 *(.eh_frame)
 .eh_frame      0x000000000805042c       0x40 /usr/lib/gcc/x86_64-linux-gnu/9/../../../../lib32/crt1.o
                                         0x58 (size before relaxing)
 .eh_frame      0x000000000805046c       0x24 /usr/lib/gcc/x86_64-linux-gnu/9/../../../../lib32/crt1.o
                                         0x40 (size before relaxing)
 .eh_frame      0x0000000008050490        0x0 /usr/lib/gcc/x86_64-linux-gnu/9/../../../../lib32/crt1.o
 .eh_frame      0x0000000008050490      0x248 /home/hthap/Public/RIOT/RIOT/examples/project_os/bin/native/application_Project_OS/main.o
                                        0x274 (size before relaxing)
 .eh_frame      0x00000000080506d8       0x2c /home/hthap/Public/RIOT/RIOT/examples/project_os/bin/native/auto_init/auto_init.o
                                         0x58 (size before relaxing)
 .eh_frame      0x0000000008050704       0x34 /home/hthap/Public/RIOT/RIOT/examples/project_os/bin/native/board/board_init.o
                                         0x60 (size before relaxing)
 .eh_frame      0x0000000008050738        0x0 /home/hthap/Public/RIOT/RIOT/examples/project_os/bin/native/board_common_init/board_common.o
                                         0x34 (size before relaxing)
 .eh_frame      0x0000000008050738        0x0 /home/hthap/Public/RIOT/RIOT/examples/project_os/bin/native/core/cond.o
                                        0x150 (size before relaxing)
 .eh_frame      0x0000000008050738       0x2c /home/hthap/Public/RIOT/RIOT/examples/project_os/bin/native/core_lib/assert.o
                                         0x78 (size before relaxing)
 .eh_frame      0x0000000008050764        0x0 /home/hthap/Public/RIOT/RIOT/examples/project_os/bin/native/core_lib/atomic_c11.o
                                       0x13d0 (size before relaxing)
 .eh_frame      0x0000000008050764        0x0 /home/hthap/Public/RIOT/RIOT/examples/project_os/bin/native/core_lib/bitarithm.o
                                         0x50 (size before relaxing)
 .eh_frame      0x0000000008050764        0x0 /home/hthap/Public/RIOT/RIOT/examples/project_os/bin/native/core_lib/clist.o
                                         0x64 (size before relaxing)
 .eh_frame      0x0000000008050764       0xa0 /home/hthap/Public/RIOT/RIOT/examples/project_os/bin/native/core_lib/init.o
                                         0xcc (size before relaxing)
 .eh_frame      0x0000000008050804       0x60 /home/hthap/Public/RIOT/RIOT/examples/project_os/bin/native/core_lib/panic.o
                                         0xa8 (size before relaxing)
 .eh_frame      0x0000000008050864        0x0 /home/hthap/Public/RIOT/RIOT/examples/project_os/bin/native/core_lib/priority_queue.o
                                         0x9c (size before relaxing)
 .eh_frame      0x0000000008050864        0x0 /home/hthap/Public/RIOT/RIOT/examples/project_os/bin/native/core_lib/ringbuffer.o
                                        0x1f4 (size before relaxing)
 .eh_frame      0x0000000008050864        0x0 /home/hthap/Public/RIOT/RIOT/examples/project_os/bin/native/core_lib/rmutex.o
                                        0x114 (size before relaxing)
 .eh_frame      0x0000000008050864       0x3c /home/hthap/Public/RIOT/RIOT/examples/project_os/bin/native/core/msg.o
                                        0x5d4 (size before relaxing)
 .eh_frame      0x00000000080508a0        0x0 /home/hthap/Public/RIOT/RIOT/examples/project_os/bin/native/core/mutex.o
                                        0x270 (size before relaxing)
 .eh_frame      0x00000000080508a0      0x10c /home/hthap/Public/RIOT/RIOT/examples/project_os/bin/native/core/sched.o
                                        0x1a0 (size before relaxing)
 .eh_frame      0x00000000080509ac      0x114 /home/hthap/Public/RIOT/RIOT/examples/project_os/bin/native/core/thread.o
                                        0x2d0 (size before relaxing)
 .eh_frame      0x0000000008050ac0       0x48 /home/hthap/Public/RIOT/RIOT/examples/project_os/bin/native/cpu/async_read.o
                                        0x2e8 (size before relaxing)
 .eh_frame      0x0000000008050b08      0x50c /home/hthap/Public/RIOT/RIOT/examples/project_os/bin/native/cpu/irq_cpu.o
                                        0x7a0 (size before relaxing)
 .eh_frame      0x0000000008051014      0x1f8 /home/hthap/Public/RIOT/RIOT/examples/project_os/bin/native/cpu/native_cpu.o
                                        0x284 (size before relaxing)
 .eh_frame      0x000000000805120c       0x38 /home/hthap/Public/RIOT/RIOT/examples/project_os/bin/native/cpu/panic.o
                                         0x64 (size before relaxing)
 .eh_frame      0x0000000008051244      0x2f8 /home/hthap/Public/RIOT/RIOT/examples/project_os/bin/native/cpu/startup.o
                                        0x338 (size before relaxing)
 .eh_frame      0x000000000805153c      0x938 /home/hthap/Public/RIOT/RIOT/examples/project_os/bin/native/cpu/syscalls.o
                                        0x9e8 (size before relaxing)
 .eh_frame      0x0000000008051e74        0x0 /home/hthap/Public/RIOT/RIOT/examples/project_os/bin/native/frac/frac.o
                                        0x110 (size before relaxing)
 .eh_frame      0x0000000008051e74        0x0 /home/hthap/Public/RIOT/RIOT/examples/project_os/bin/native/native_drivers/native-led.o
                                        0x164 (size before relaxing)
 .eh_frame      0x0000000008051e74        0x0 /home/hthap/Public/RIOT/RIOT/examples/project_os/bin/native/periph_common/gpio.o
                                         0x7c (size before relaxing)
 .eh_frame      0x0000000008051e74       0x1c /home/hthap/Public/RIOT/RIOT/examples/project_os/bin/native/periph_common/init_leds.o
                                         0x34 (size before relaxing)
 .eh_frame      0x0000000008051e90       0x2c /home/hthap/Public/RIOT/RIOT/examples/project_os/bin/native/periph_common/init.o
                                         0x58 (size before relaxing)
 .eh_frame      0x0000000008051ebc      0x114 /home/hthap/Public/RIOT/RIOT/examples/project_os/bin/native/periph/gpio_linux.o
                                        0x2d0 (size before relaxing)
 .eh_frame      0x0000000008051fd0       0xb0 /home/hthap/Public/RIOT/RIOT/examples/project_os/bin/native/periph/pm.o
                                        0x10c (size before relaxing)
 .eh_frame      0x0000000008052080      0x1a4 /home/hthap/Public/RIOT/RIOT/examples/project_os/bin/native/periph/timer.o
                                        0x2ac (size before relaxing)
 .eh_frame      0x0000000008052224       0x40 /home/hthap/Public/RIOT/RIOT/examples/project_os/bin/native/periph/uart.o
                                        0x1c0 (size before relaxing)
 .eh_frame      0x0000000008052264       0x9c /home/hthap/Public/RIOT/RIOT/examples/project_os/bin/native/sched_round_robin/sched_round_robin.o
                                         0xdc (size before relaxing)
 .eh_frame      0x0000000008052300       0x7c /home/hthap/Public/RIOT/RIOT/examples/project_os/bin/native/stdio_native/stdio_native.o
                                         0xa8 (size before relaxing)
 .eh_frame      0x000000000805237c        0x0 /home/hthap/Public/RIOT/RIOT/examples/project_os/bin/native/ztimer_core/convert_frac.o
                                        0x198 (size before relaxing)
 .eh_frame      0x000000000805237c        0x0 /home/hthap/Public/RIOT/RIOT/examples/project_os/bin/native/ztimer_core/convert.o
                                         0x9c (size before relaxing)
 .eh_frame      0x000000000805237c        0x0 /home/hthap/Public/RIOT/RIOT/examples/project_os/bin/native/ztimer_core/convert_shift.o
                                        0x158 (size before relaxing)
 .eh_frame      0x000000000805237c      0x2d0 /home/hthap/Public/RIOT/RIOT/examples/project_os/bin/native/ztimer_core/core.o
                                        0x380 (size before relaxing)
 .eh_frame      0x000000000805264c       0x3c /home/hthap/Public/RIOT/RIOT/examples/project_os/bin/native/ztimer_core/init.o
                                         0x68 (size before relaxing)
 .eh_frame      0x0000000008052688        0x0 /home/hthap/Public/RIOT/RIOT/examples/project_os/bin/native/ztimer_core/periodic.o
                                        0x178 (size before relaxing)
 .eh_frame      0x0000000008052688      0x144 /home/hthap/Public/RIOT/RIOT/examples/project_os/bin/native/ztimer_core/periph_timer.o
                                        0x170 (size before relaxing)
 .eh_frame      0x00000000080527cc        0x0 /home/hthap/Public/RIOT/RIOT/examples/project_os/bin/native/ztimer_core/util.o
                                        0x36c (size before relaxing)
 .eh_frame      0x00000000080527cc       0x60 /usr/lib32/libc_nonshared.a(elf-init.oS)
                                         0x8c (size before relaxing)
 .eh_frame      0x000000000805282c       0x1c /usr/lib32/libc_nonshared.a(stack_chk_fail_local.oS)
                                         0x48 (size before relaxing)
 .eh_frame      0x0000000008052848        0x4 /usr/lib/gcc/x86_64-linux-gnu/9/32/crtend.o
 *(.eh_frame.*)

.gcc_except_table
 *(.gcc_except_table .gcc_except_table.*)

.gnu_extab
 *(.gnu_extab*)

.exception_ranges
 *(.exception_ranges*)
                0x0000000008053eec                . = DATA_SEGMENT_ALIGN (CONSTANT (MAXPAGESIZE), CONSTANT (COMMONPAGESIZE))

.eh_frame
 *(.eh_frame)
 *(.eh_frame.*)

.gnu_extab
 *(.gnu_extab)

.gcc_except_table
 *(.gcc_except_table .gcc_except_table.*)

.exception_ranges
 *(.exception_ranges*)

.tdata          0x0000000008053eec        0x0
                [!provide]                        PROVIDE (__tdata_start = .)
 *(.tdata .tdata.* .gnu.linkonce.td.*)

.tbss
 *(.tbss .tbss.* .gnu.linkonce.tb.*)
 *(.tcommon)

.preinit_array  0x0000000008053eec        0x0
                [!provide]                        PROVIDE (__preinit_array_start = .)
 *(.preinit_array)
                [!provide]                        PROVIDE (__preinit_array_end = .)

.init_array     0x0000000008053eec        0x8
                0x0000000008053eec                PROVIDE (__init_array_start = .)
 *(SORT_BY_INIT_PRIORITY(.init_array.*) SORT_BY_INIT_PRIORITY(.ctors.*))
 *(.init_array EXCLUDE_FILE(*crtend?.o *crtend.o *crtbegin?.o *crtbegin.o) .ctors)
 .init_array    0x0000000008053eec        0x4 /usr/lib/gcc/x86_64-linux-gnu/9/32/crtbegin.o
 .init_array    0x0000000008053ef0        0x4 /home/hthap/Public/RIOT/RIOT/examples/project_os/bin/native/cpu/startup.o
                0x0000000008053ef4                PROVIDE (__init_array_end = .)

.fini_array     0x0000000008053ef4        0x4
                [!provide]                        PROVIDE (__fini_array_start = .)
 *(SORT_BY_INIT_PRIORITY(.fini_array.*) SORT_BY_INIT_PRIORITY(.dtors.*))
 *(.fini_array EXCLUDE_FILE(*crtend?.o *crtend.o *crtbegin?.o *crtbegin.o) .dtors)
 .fini_array    0x0000000008053ef4        0x4 /usr/lib/gcc/x86_64-linux-gnu/9/32/crtbegin.o
                [!provide]                        PROVIDE (__fini_array_end = .)

.ctors
 *crtbegin.o(.ctors)
 *crtbegin?.o(.ctors)
 *(EXCLUDE_FILE(*crtend?.o *crtend.o) .ctors)
 *(SORT_BY_NAME(.ctors.*))
 *(.ctors)

.dtors
 *crtbegin.o(.dtors)
 *crtbegin?.o(.dtors)
 *(EXCLUDE_FILE(*crtend?.o *crtend.o) .dtors)
 *(SORT_BY_NAME(.dtors.*))
 *(.dtors)

.jcr
 *(.jcr)

.data.rel.ro
 *(.data.rel.ro.local* .gnu.linkonce.d.rel.ro.local.*)
 *(.data.rel.ro .data.rel.ro.* .gnu.linkonce.d.rel.ro.*)

.dynamic        0x0000000008053ef8       0xf0
 *(.dynamic)
 .dynamic       0x0000000008053ef8       0xf0 /usr/lib/gcc/x86_64-linux-gnu/9/../../../../lib32/crt1.o
                0x0000000008053ef8                _DYNAMIC

.got            0x0000000008053fe8       0x18
 *(.got)
 .got           0x0000000008053fe8       0x18 /usr/lib/gcc/x86_64-linux-gnu/9/../../../../lib32/crt1.o
 *(.igot)
                0x0000000008054ff4                . = DATA_SEGMENT_RELRO_END (., (SIZEOF (.got.plt) >= 0xc)?0xc:0x0)

.got.plt        0x0000000008054000       0x70
 *(.got.plt)
 .got.plt       0x0000000008054000       0x70 /usr/lib/gcc/x86_64-linux-gnu/9/../../../../lib32/crt1.o
                0x0000000008054000                _GLOBAL_OFFSET_TABLE_
 *(.igot.plt)
 .igot.plt      0x0000000008054070        0x0 /usr/lib/gcc/x86_64-linux-gnu/9/../../../../lib32/crt1.o

.data1
 *(.data1)
                0x0000000008054070                _edata = .
                [!provide]                        PROVIDE (edata = .)
                0x0000000008054070                . = .
                0x0000000008054070                __bss_start = .

.bss            0x0000000008054080     0xec14
 *(.dynbss)
 .dynbss        0x0000000008054080        0x0 /usr/lib/gcc/x86_64-linux-gnu/9/../../../../lib32/crt1.o
 *(.bss .bss.* .gnu.linkonce.b.*)
 .bss           0x0000000008054080        0x1 /usr/lib/gcc/x86_64-linux-gnu/9/32/crtbegin.o
 *fill*         0x0000000008054081       0x1f 
 .bss.end       0x00000000080540a0       0x70 /home/hthap/Public/RIOT/RIOT/examples/project_os/bin/native/application_Project_OS/main.o
 *fill*         0x0000000008054110       0x10 
 .bss.start     0x0000000008054120       0x70 /home/hthap/Public/RIOT/RIOT/examples/project_os/bin/native/application_Project_OS/main.o
 *fill*         0x0000000008054190       0x10 
 .bss.thread_ID
                0x00000000080541a0       0x36 /home/hthap/Public/RIOT/RIOT/examples/project_os/bin/native/application_Project_OS/main.o
                0x00000000080541a0                thread_ID
 *fill*         0x00000000080541d6        0xa 
 .bss.test_thread_stack
                0x00000000080541e0     0x3000 /home/hthap/Public/RIOT/RIOT/examples/project_os/bin/native/application_Project_OS/main.o
                0x00000000080541e0                test_thread_stack
 .bss.idle_stack
                0x00000000080571e0     0x2000 /home/hthap/Public/RIOT/RIOT/examples/project_os/bin/native/core_lib/init.o
 .bss.main_stack
                0x00000000080591e0     0x3000 /home/hthap/Public/RIOT/RIOT/examples/project_os/bin/native/core_lib/init.o
 .bss.crashed   0x000000000805c1e0        0x4 /home/hthap/Public/RIOT/RIOT/examples/project_os/bin/native/core_lib/panic.o
 .bss.runqueue_bitcache
                0x000000000805c1e4        0x4 /home/hthap/Public/RIOT/RIOT/examples/project_os/bin/native/core/sched.o
 *fill*         0x000000000805c1e8       0x18 
 .bss.sched_runqueues
                0x000000000805c200       0x40 /home/hthap/Public/RIOT/RIOT/examples/project_os/bin/native/core/sched.o
                0x000000000805c200                sched_runqueues
 .bss.sched_context_switch_request
                0x000000000805c240        0x4 /home/hthap/Public/RIOT/RIOT/examples/project_os/bin/native/core/sched.o
                0x000000000805c240                sched_context_switch_request
 .bss.sched_active_thread
                0x000000000805c244        0x4 /home/hthap/Public/RIOT/RIOT/examples/project_os/bin/native/core/sched.o
                0x000000000805c244                sched_active_thread
 .bss.sched_num_threads
                0x000000000805c248        0x4 /home/hthap/Public/RIOT/RIOT/examples/project_os/bin/native/core/sched.o
                0x000000000805c248                sched_num_threads
 *fill*         0x000000000805c24c       0x14 
 .bss.sched_threads
                0x000000000805c260       0x84 /home/hthap/Public/RIOT/RIOT/examples/project_os/bin/native/core/sched.o
                0x000000000805c260                sched_threads
 .bss.sched_active_pid
                0x000000000805c2e4        0x2 /home/hthap/Public/RIOT/RIOT/examples/project_os/bin/native/core/sched.o
                0x000000000805c2e4                sched_active_pid
 *fill*         0x000000000805c2e6       0x1a 
 .bss.pollers   0x000000000805c300       0x20 /home/hthap/Public/RIOT/RIOT/examples/project_os/bin/native/cpu/async_read.o
 .bss._fds      0x000000000805c320       0x10 /home/hthap/Public/RIOT/RIOT/examples/project_os/bin/native/cpu/async_read.o
 .bss._next_index
                0x000000000805c330        0x4 /home/hthap/Public/RIOT/RIOT/examples/project_os/bin/native/cpu/async_read.o
 .bss.sigstk.5488
                0x000000000805c334        0xc /home/hthap/Public/RIOT/RIOT/examples/project_os/bin/native/cpu/irq_cpu.o
 .bss.sigalt_stk
                0x000000000805c340     0x2000 /home/hthap/Public/RIOT/RIOT/examples/project_os/bin/native/cpu/irq_cpu.o
                0x000000000805c340                sigalt_stk
 .bss.native_irq_handlers
                0x000000000805e340      0x3fc /home/hthap/Public/RIOT/RIOT/examples/project_os/bin/native/cpu/irq_cpu.o
 .bss._sig_pipefd
                0x000000000805e73c        0x8 /home/hthap/Public/RIOT/RIOT/examples/project_os/bin/native/cpu/irq_cpu.o
                0x000000000805e73c                _sig_pipefd
 .bss._native_sigpend
                0x000000000805e744        0x4 /home/hthap/Public/RIOT/RIOT/examples/project_os/bin/native/cpu/irq_cpu.o
                0x000000000805e744                _native_sigpend
 .bss._native_saved_eip
                0x000000000805e748        0x4 /home/hthap/Public/RIOT/RIOT/examples/project_os/bin/native/cpu/irq_cpu.o
                0x000000000805e748                _native_saved_eip
 .bss._native_isr_ctx
                0x000000000805e74c        0x4 /home/hthap/Public/RIOT/RIOT/examples/project_os/bin/native/cpu/irq_cpu.o
                0x000000000805e74c                _native_isr_ctx
 .bss._native_cur_ctx
                0x000000000805e750        0x4 /home/hthap/Public/RIOT/RIOT/examples/project_os/bin/native/cpu/irq_cpu.o
                0x000000000805e750                _native_cur_ctx
 *fill*         0x000000000805e754        0xc 
 .bss.native_isr_context
                0x000000000805e760      0x16c /home/hthap/Public/RIOT/RIOT/examples/project_os/bin/native/cpu/irq_cpu.o
                0x000000000805e760                native_isr_context
 *fill*         0x000000000805e8cc       0x14 
 .bss.__isr_stack
                0x000000000805e8e0     0x2000 /home/hthap/Public/RIOT/RIOT/examples/project_os/bin/native/cpu/irq_cpu.o
                0x000000000805e8e0                __isr_stack
 .bss._native_sig_set_dint
                0x00000000080608e0       0x80 /home/hthap/Public/RIOT/RIOT/examples/project_os/bin/native/cpu/irq_cpu.o
 .bss._native_sig_set
                0x0000000008060960       0x80 /home/hthap/Public/RIOT/RIOT/examples/project_os/bin/native/cpu/irq_cpu.o
 .bss._native_in_syscall
                0x00000000080609e0        0x4 /home/hthap/Public/RIOT/RIOT/examples/project_os/bin/native/cpu/irq_cpu.o
                0x00000000080609e0                _native_in_syscall
 .bss._native_in_isr
                0x00000000080609e4        0x4 /home/hthap/Public/RIOT/RIOT/examples/project_os/bin/native/cpu/irq_cpu.o
                0x00000000080609e4                _native_in_isr
 .bss.native_interrupts_enabled
                0x00000000080609e8        0x4 /home/hthap/Public/RIOT/RIOT/examples/project_os/bin/native/cpu/irq_cpu.o
                0x00000000080609e8                native_interrupts_enabled
 *fill*         0x00000000080609ec       0x14 
 .bss.__end_stack
                0x0000000008060a00     0x2000 /home/hthap/Public/RIOT/RIOT/examples/project_os/bin/native/cpu/native_cpu.o
                0x0000000008060a00                __end_stack
 .bss.end_context
                0x0000000008062a00      0x16c /home/hthap/Public/RIOT/RIOT/examples/project_os/bin/native/cpu/native_cpu.o
                0x0000000008062a00                end_context
 .bss._native_rng_mode
                0x0000000008062b6c        0x4 /home/hthap/Public/RIOT/RIOT/examples/project_os/bin/native/cpu/startup.o
                0x0000000008062b6c                _native_rng_mode
 .bss._native_rng_seed
                0x0000000008062b70        0x4 /home/hthap/Public/RIOT/RIOT/examples/project_os/bin/native/cpu/startup.o
                0x0000000008062b70                _native_rng_seed
 .bss._native_id
                0x0000000008062b74        0x4 /home/hthap/Public/RIOT/RIOT/examples/project_os/bin/native/cpu/startup.o
                0x0000000008062b74                _native_id
 .bss._native_pid
                0x0000000008062b78        0x4 /home/hthap/Public/RIOT/RIOT/examples/project_os/bin/native/cpu/startup.o
                0x0000000008062b78                _native_pid
 .bss._native_argv
                0x0000000008062b7c        0x4 /home/hthap/Public/RIOT/RIOT/examples/project_os/bin/native/cpu/startup.o
                0x0000000008062b7c                _native_argv
 .bss._progname
                0x0000000008062b80        0x4 /home/hthap/Public/RIOT/RIOT/examples/project_os/bin/native/cpu/startup.o
                0x0000000008062b80                _progname
 .bss._native_null_out_file
                0x0000000008062b84        0x4 /home/hthap/Public/RIOT/RIOT/examples/project_os/bin/native/cpu/startup.o
                0x0000000008062b84                _native_null_out_file
 .bss._native_null_in_pipe
                0x0000000008062b88        0x8 /home/hthap/Public/RIOT/RIOT/examples/project_os/bin/native/cpu/startup.o
                0x0000000008062b88                _native_null_in_pipe
 .bss._native_in_calloc
                0x0000000008062b90        0x4 /home/hthap/Public/RIOT/RIOT/examples/project_os/bin/native/cpu/syscalls.o
                0x0000000008062b90                _native_in_calloc
 .bss._native_in_malloc
                0x0000000008062b94        0x4 /home/hthap/Public/RIOT/RIOT/examples/project_os/bin/native/cpu/syscalls.o
                0x0000000008062b94                _native_in_malloc
 .bss.real_clock_gettime
                0x0000000008062b98        0x4 /home/hthap/Public/RIOT/RIOT/examples/project_os/bin/native/cpu/syscalls.o
                0x0000000008062b98                real_clock_gettime
 .bss.real_send
                0x0000000008062b9c        0x4 /home/hthap/Public/RIOT/RIOT/examples/project_os/bin/native/cpu/syscalls.o
                0x0000000008062b9c                real_send
 .bss.real_writev
                0x0000000008062ba0        0x4 /home/hthap/Public/RIOT/RIOT/examples/project_os/bin/native/cpu/syscalls.o
                0x0000000008062ba0                real_writev
 .bss.real_umask
                0x0000000008062ba4        0x4 /home/hthap/Public/RIOT/RIOT/examples/project_os/bin/native/cpu/syscalls.o
                0x0000000008062ba4                real_umask
 .bss.real_fgetc
                0x0000000008062ba8        0x4 /home/hthap/Public/RIOT/RIOT/examples/project_os/bin/native/cpu/syscalls.o
                0x0000000008062ba8                real_fgetc
 .bss.real_fputc
                0x0000000008062bac        0x4 /home/hthap/Public/RIOT/RIOT/examples/project_os/bin/native/cpu/syscalls.o
                0x0000000008062bac                real_fputc
 .bss.real_fseek
                0x0000000008062bb0        0x4 /home/hthap/Public/RIOT/RIOT/examples/project_os/bin/native/cpu/syscalls.o
                0x0000000008062bb0                real_fseek
 .bss.real_fclose
                0x0000000008062bb4        0x4 /home/hthap/Public/RIOT/RIOT/examples/project_os/bin/native/cpu/syscalls.o
                0x0000000008062bb4                real_fclose
 .bss.real_fopen
                0x0000000008062bb8        0x4 /home/hthap/Public/RIOT/RIOT/examples/project_os/bin/native/cpu/syscalls.o
                0x0000000008062bb8                real_fopen
 .bss.real_gai_strerror
                0x0000000008062bbc        0x4 /home/hthap/Public/RIOT/RIOT/examples/project_os/bin/native/cpu/syscalls.o
                0x0000000008062bbc                real_gai_strerror
 .bss.real_random
                0x0000000008062bc0        0x4 /home/hthap/Public/RIOT/RIOT/examples/project_os/bin/native/cpu/syscalls.o
                0x0000000008062bc0                real_random
 .bss.real_unlink
                0x0000000008062bc4        0x4 /home/hthap/Public/RIOT/RIOT/examples/project_os/bin/native/cpu/syscalls.o
                0x0000000008062bc4                real_unlink
 .bss.real_socket
                0x0000000008062bc8        0x4 /home/hthap/Public/RIOT/RIOT/examples/project_os/bin/native/cpu/syscalls.o
                0x0000000008062bc8                real_socket
 .bss.real_setsockopt
                0x0000000008062bcc        0x4 /home/hthap/Public/RIOT/RIOT/examples/project_os/bin/native/cpu/syscalls.o
                0x0000000008062bcc                real_setsockopt
 .bss.real_setsid
                0x0000000008062bd0        0x4 /home/hthap/Public/RIOT/RIOT/examples/project_os/bin/native/cpu/syscalls.o
                0x0000000008062bd0                real_setsid
 .bss.real_setitimer
                0x0000000008062bd4        0x4 /home/hthap/Public/RIOT/RIOT/examples/project_os/bin/native/cpu/syscalls.o
                0x0000000008062bd4                real_setitimer
 .bss.real_poll
                0x0000000008062bd8        0x4 /home/hthap/Public/RIOT/RIOT/examples/project_os/bin/native/cpu/syscalls.o
                0x0000000008062bd8                real_poll
 .bss.real_select
                0x0000000008062bdc        0x4 /home/hthap/Public/RIOT/RIOT/examples/project_os/bin/native/cpu/syscalls.o
                0x0000000008062bdc                real_select
 .bss.real_pipe
                0x0000000008062be0        0x4 /home/hthap/Public/RIOT/RIOT/examples/project_os/bin/native/cpu/syscalls.o
                0x0000000008062be0                real_pipe
 .bss.real_pause
                0x0000000008062be4        0x4 /home/hthap/Public/RIOT/RIOT/examples/project_os/bin/native/cpu/syscalls.o
                0x0000000008062be4                real_pause
 .bss.real_open
                0x0000000008062be8        0x4 /home/hthap/Public/RIOT/RIOT/examples/project_os/bin/native/cpu/syscalls.o
                0x0000000008062be8                real_open
 .bss.real_ioctl
                0x0000000008062bec        0x4 /home/hthap/Public/RIOT/RIOT/examples/project_os/bin/native/cpu/syscalls.o
                0x0000000008062bec                real_ioctl
 .bss.real_listen
                0x0000000008062bf0        0x4 /home/hthap/Public/RIOT/RIOT/examples/project_os/bin/native/cpu/syscalls.o
                0x0000000008062bf0                real_listen
 .bss.real_ferror
                0x0000000008062bf4        0x4 /home/hthap/Public/RIOT/RIOT/examples/project_os/bin/native/cpu/syscalls.o
                0x0000000008062bf4                real_ferror
 .bss.real_feof
                0x0000000008062bf8        0x4 /home/hthap/Public/RIOT/RIOT/examples/project_os/bin/native/cpu/syscalls.o
                0x0000000008062bf8                real_feof
 .bss.real_fork
                0x0000000008062bfc        0x4 /home/hthap/Public/RIOT/RIOT/examples/project_os/bin/native/cpu/syscalls.o
                0x0000000008062bfc                real_fork
 .bss.real_execve
                0x0000000008062c00        0x4 /home/hthap/Public/RIOT/RIOT/examples/project_os/bin/native/cpu/syscalls.o
                0x0000000008062c00                real_execve
 .bss.real_dup2
                0x0000000008062c04        0x4 /home/hthap/Public/RIOT/RIOT/examples/project_os/bin/native/cpu/syscalls.o
                0x0000000008062c04                real_dup2
 .bss.real_creat
                0x0000000008062c08        0x4 /home/hthap/Public/RIOT/RIOT/examples/project_os/bin/native/cpu/syscalls.o
                0x0000000008062c08                real_creat
 .bss.real_fcntl
                0x0000000008062c0c        0x4 /home/hthap/Public/RIOT/RIOT/examples/project_os/bin/native/cpu/syscalls.o
                0x0000000008062c0c                real_fcntl
 .bss.real_close
                0x0000000008062c10        0x4 /home/hthap/Public/RIOT/RIOT/examples/project_os/bin/native/cpu/syscalls.o
                0x0000000008062c10                real_close
 .bss.real_chdir
                0x0000000008062c14        0x4 /home/hthap/Public/RIOT/RIOT/examples/project_os/bin/native/cpu/syscalls.o
                0x0000000008062c14                real_chdir
 .bss.real_getpid
                0x0000000008062c18        0x4 /home/hthap/Public/RIOT/RIOT/examples/project_os/bin/native/cpu/syscalls.o
                0x0000000008062c18                real_getpid
 .bss.real_gettimeofday
                0x0000000008062c1c        0x4 /home/hthap/Public/RIOT/RIOT/examples/project_os/bin/native/cpu/syscalls.o
                0x0000000008062c1c                real_gettimeofday
 .bss.real_getifaddrs
                0x0000000008062c20        0x4 /home/hthap/Public/RIOT/RIOT/examples/project_os/bin/native/cpu/syscalls.o
                0x0000000008062c20                real_getifaddrs
 .bss.real_getaddrinfo
                0x0000000008062c24        0x4 /home/hthap/Public/RIOT/RIOT/examples/project_os/bin/native/cpu/syscalls.o
                0x0000000008062c24                real_getaddrinfo
 .bss.real_printf
                0x0000000008062c28        0x4 /home/hthap/Public/RIOT/RIOT/examples/project_os/bin/native/cpu/syscalls.o
                0x0000000008062c28                real_printf
 .bss.real_connect
                0x0000000008062c2c        0x4 /home/hthap/Public/RIOT/RIOT/examples/project_os/bin/native/cpu/syscalls.o
                0x0000000008062c2c                real_connect
 .bss.real_bind
                0x0000000008062c30        0x4 /home/hthap/Public/RIOT/RIOT/examples/project_os/bin/native/cpu/syscalls.o
                0x0000000008062c30                real_bind
 .bss.real_accept
                0x0000000008062c34        0x4 /home/hthap/Public/RIOT/RIOT/examples/project_os/bin/native/cpu/syscalls.o
                0x0000000008062c34                real_accept
 .bss.real_srandom
                0x0000000008062c38        0x4 /home/hthap/Public/RIOT/RIOT/examples/project_os/bin/native/cpu/syscalls.o
                0x0000000008062c38                real_srandom
 .bss.real_freeifaddrs
                0x0000000008062c3c        0x4 /home/hthap/Public/RIOT/RIOT/examples/project_os/bin/native/cpu/syscalls.o
                0x0000000008062c3c                real_freeifaddrs
 .bss.real_freeaddrinfo
                0x0000000008062c40        0x4 /home/hthap/Public/RIOT/RIOT/examples/project_os/bin/native/cpu/syscalls.o
                0x0000000008062c40                real_freeaddrinfo
 .bss.real_realloc
                0x0000000008062c44        0x4 /home/hthap/Public/RIOT/RIOT/examples/project_os/bin/native/cpu/syscalls.o
                0x0000000008062c44                real_realloc
 .bss.real_calloc
                0x0000000008062c48        0x4 /home/hthap/Public/RIOT/RIOT/examples/project_os/bin/native/cpu/syscalls.o
                0x0000000008062c48                real_calloc
 .bss.real_malloc
                0x0000000008062c4c        0x4 /home/hthap/Public/RIOT/RIOT/examples/project_os/bin/native/cpu/syscalls.o
                0x0000000008062c4c                real_malloc
 .bss.real_free
                0x0000000008062c50        0x4 /home/hthap/Public/RIOT/RIOT/examples/project_os/bin/native/cpu/syscalls.o
                0x0000000008062c50                real_free
 .bss.real_exit
                0x0000000008062c54        0x4 /home/hthap/Public/RIOT/RIOT/examples/project_os/bin/native/cpu/syscalls.o
                0x0000000008062c54                real_exit
 .bss.real_clearerr
                0x0000000008062c58        0x4 /home/hthap/Public/RIOT/RIOT/examples/project_os/bin/native/cpu/syscalls.o
                0x0000000008062c58                real_clearerr
 .bss.real_fread
                0x0000000008062c5c        0x4 /home/hthap/Public/RIOT/RIOT/examples/project_os/bin/native/cpu/syscalls.o
                0x0000000008062c5c                real_fread
 .bss.real_write
                0x0000000008062c60        0x4 /home/hthap/Public/RIOT/RIOT/examples/project_os/bin/native/cpu/syscalls.o
                0x0000000008062c60                real_write
 .bss.real_read
                0x0000000008062c64        0x4 /home/hthap/Public/RIOT/RIOT/examples/project_os/bin/native/cpu/syscalls.o
                0x0000000008062c64                real_read
 .bss.port_numof
                0x0000000008062c68        0x4 /home/hthap/Public/RIOT/RIOT/examples/project_os/bin/native/periph/gpio_linux.o
 .bss.ports     0x0000000008062c6c        0x4 /home/hthap/Public/RIOT/RIOT/examples/project_os/bin/native/periph/gpio_linux.o
 .bss.itv       0x0000000008062c70       0x10 /home/hthap/Public/RIOT/RIOT/examples/project_os/bin/native/periph/timer.o
 .bss._cb_arg   0x0000000008062c80        0x4 /home/hthap/Public/RIOT/RIOT/examples/project_os/bin/native/periph/timer.o
 .bss._callback
                0x0000000008062c84        0x4 /home/hthap/Public/RIOT/RIOT/examples/project_os/bin/native/periph/timer.o
 .bss.time_null
                0x0000000008062c88        0x4 /home/hthap/Public/RIOT/RIOT/examples/project_os/bin/native/periph/timer.o
 .bss.tty_device_filenames
                0x0000000008062c8c        0x4 /home/hthap/Public/RIOT/RIOT/examples/project_os/bin/native/periph/uart.o
 .bss._current_rr_priority
                0x0000000008062c90        0x1 /home/hthap/Public/RIOT/RIOT/examples/project_os/bin/native/sched_round_robin/sched_round_robin.o
 *(COMMON)
                0x0000000008062c94                . = ALIGN ((. != 0x0)?0x4:0x1)
 *fill*         0x0000000008062c91        0x3 
                0x0000000008062c94                . = ALIGN (0x4)
                0x0000000008062c94                . = SEGMENT_START ("ldata-segment", .)
                0x0000000008062c94                . = ALIGN (0x4)
                0x0000000008062c94                _end = .
                [!provide]                        PROVIDE (end = .)
                0x0000000008062c94                . = DATA_SEGMENT_END (.)

.stab
 *(.stab)

.stabstr
 *(.stabstr)

.stab.excl
 *(.stab.excl)

.stab.exclstr
 *(.stab.exclstr)

.stab.index
 *(.stab.index)

.stab.indexstr
 *(.stab.indexstr)

.comment        0x0000000000000000       0x2b
 *(.comment)
 .comment       0x0000000000000000       0x2b /usr/lib/gcc/x86_64-linux-gnu/9/32/crtbegin.o
                                         0x2c (size before relaxing)
 .comment       0x000000000000002b       0x2c /home/hthap/Public/RIOT/RIOT/examples/project_os/bin/native/application_Project_OS/main.o
 .comment       0x000000000000002b       0x2c /home/hthap/Public/RIOT/RIOT/examples/project_os/bin/native/auto_init/auto_init.o
 .comment       0x000000000000002b       0x2c /home/hthap/Public/RIOT/RIOT/examples/project_os/bin/native/board/board_init.o
 .comment       0x000000000000002b       0x2c /home/hthap/Public/RIOT/RIOT/examples/project_os/bin/native/board_common_init/board_common.o
 .comment       0x000000000000002b       0x2c /home/hthap/Public/RIOT/RIOT/examples/project_os/bin/native/core/cond.o
 .comment       0x000000000000002b       0x2c /home/hthap/Public/RIOT/RIOT/examples/project_os/bin/native/core_lib/assert.o
 .comment       0x000000000000002b       0x2c /home/hthap/Public/RIOT/RIOT/examples/project_os/bin/native/core_lib/atomic_c11.o
 .comment       0x000000000000002b       0x2c /home/hthap/Public/RIOT/RIOT/examples/project_os/bin/native/core_lib/bitarithm.o
 .comment       0x000000000000002b       0x2c /home/hthap/Public/RIOT/RIOT/examples/project_os/bin/native/core_lib/clist.o
 .comment       0x000000000000002b       0x2c /home/hthap/Public/RIOT/RIOT/examples/project_os/bin/native/core_lib/init.o
 .comment       0x000000000000002b       0x2c /home/hthap/Public/RIOT/RIOT/examples/project_os/bin/native/core_lib/panic.o
 .comment       0x000000000000002b       0x2c /home/hthap/Public/RIOT/RIOT/examples/project_os/bin/native/core_lib/priority_queue.o
 .comment       0x000000000000002b       0x2c /home/hthap/Public/RIOT/RIOT/examples/project_os/bin/native/core_lib/ringbuffer.o
 .comment       0x000000000000002b       0x2c /home/hthap/Public/RIOT/RIOT/examples/project_os/bin/native/core_lib/rmutex.o
 .comment       0x000000000000002b       0x2c /home/hthap/Public/RIOT/RIOT/examples/project_os/bin/native/core/msg.o
 .comment       0x000000000000002b       0x2c /home/hthap/Public/RIOT/RIOT/examples/project_os/bin/native/core/mutex.o
 .comment       0x000000000000002b       0x2c /home/hthap/Public/RIOT/RIOT/examples/project_os/bin/native/core/sched.o
 .comment       0x000000000000002b       0x2c /home/hthap/Public/RIOT/RIOT/examples/project_os/bin/native/core/thread.o
 .comment       0x000000000000002b       0x2c /home/hthap/Public/RIOT/RIOT/examples/project_os/bin/native/cpu/async_read.o
 .comment       0x000000000000002b       0x2c /home/hthap/Public/RIOT/RIOT/examples/project_os/bin/native/cpu/irq_cpu.o
 .comment       0x000000000000002b       0x2c /home/hthap/Public/RIOT/RIOT/examples/project_os/bin/native/cpu/native_cpu.o
 .comment       0x000000000000002b       0x2c /home/hthap/Public/RIOT/RIOT/examples/project_os/bin/native/cpu/panic.o
 .comment       0x000000000000002b       0x2c /home/hthap/Public/RIOT/RIOT/examples/project_os/bin/native/cpu/startup.o
 .comment       0x000000000000002b       0x2c /home/hthap/Public/RIOT/RIOT/examples/project_os/bin/native/cpu/syscalls.o
 .comment       0x000000000000002b       0x2c /home/hthap/Public/RIOT/RIOT/examples/project_os/bin/native/frac/frac.o
 .comment       0x000000000000002b       0x2c /home/hthap/Public/RIOT/RIOT/examples/project_os/bin/native/native_drivers/native-led.o
 .comment       0x000000000000002b       0x2c /home/hthap/Public/RIOT/RIOT/examples/project_os/bin/native/periph_common/gpio.o
 .comment       0x000000000000002b       0x2c /home/hthap/Public/RIOT/RIOT/examples/project_os/bin/native/periph_common/init_leds.o
 .comment       0x000000000000002b       0x2c /home/hthap/Public/RIOT/RIOT/examples/project_os/bin/native/periph_common/init.o
 .comment       0x000000000000002b       0x2c /home/hthap/Public/RIOT/RIOT/examples/project_os/bin/native/periph/gpio_linux.o
 .comment       0x000000000000002b       0x2c /home/hthap/Public/RIOT/RIOT/examples/project_os/bin/native/periph/pm.o
 .comment       0x000000000000002b       0x2c /home/hthap/Public/RIOT/RIOT/examples/project_os/bin/native/periph/timer.o
 .comment       0x000000000000002b       0x2c /home/hthap/Public/RIOT/RIOT/examples/project_os/bin/native/periph/uart.o
 .comment       0x000000000000002b       0x2c /home/hthap/Public/RIOT/RIOT/examples/project_os/bin/native/sched_round_robin/sched_round_robin.o
 .comment       0x000000000000002b       0x2c /home/hthap/Public/RIOT/RIOT/examples/project_os/bin/native/stdio_native/stdio_native.o
 .comment       0x000000000000002b       0x2c /home/hthap/Public/RIOT/RIOT/examples/project_os/bin/native/ztimer_core/convert_frac.o
 .comment       0x000000000000002b       0x2c /home/hthap/Public/RIOT/RIOT/examples/project_os/bin/native/ztimer_core/convert.o
 .comment       0x000000000000002b       0x2c /home/hthap/Public/RIOT/RIOT/examples/project_os/bin/native/ztimer_core/convert_shift.o
 .comment       0x000000000000002b       0x2c /home/hthap/Public/RIOT/RIOT/examples/project_os/bin/native/ztimer_core/core.o
 .comment       0x000000000000002b       0x2c /home/hthap/Public/RIOT/RIOT/examples/project_os/bin/native/ztimer_core/init.o
 .comment       0x000000000000002b       0x2c /home/hthap/Public/RIOT/RIOT/examples/project_os/bin/native/ztimer_core/periodic.o
 .comment       0x000000000000002b       0x2c /home/hthap/Public/RIOT/RIOT/examples/project_os/bin/native/ztimer_core/periph_timer.o
 .comment       0x000000000000002b       0x2c /home/hthap/Public/RIOT/RIOT/examples/project_os/bin/native/ztimer_core/util.o
 .comment       0x000000000000002b       0x2c /usr/lib/gcc/x86_64-linux-gnu/9/32/crtend.o

.gnu.build.attributes
 *(.gnu.build.attributes .gnu.build.attributes.*)

.debug
 *(.debug)

.line
 *(.line)

.debug_srcinfo
 *(.debug_srcinfo)

.debug_sfnames
 *(.debug_sfnames)

.debug_aranges  0x0000000000000000      0xe30
 *(.debug_aranges)
 .debug_aranges
                0x0000000000000000       0x50 /home/hthap/Public/RIOT/RIOT/examples/project_os/bin/native/application_Project_OS/main.o
 .debug_aranges
                0x0000000000000050       0x20 /home/hthap/Public/RIOT/RIOT/examples/project_os/bin/native/auto_init/auto_init.o
 .debug_aranges
                0x0000000000000070       0x20 /home/hthap/Public/RIOT/RIOT/examples/project_os/bin/native/board/board_init.o
 .debug_aranges
                0x0000000000000090       0x20 /home/hthap/Public/RIOT/RIOT/examples/project_os/bin/native/board_common_init/board_common.o
 .debug_aranges
                0x00000000000000b0       0x40 /home/hthap/Public/RIOT/RIOT/examples/project_os/bin/native/core/cond.o
 .debug_aranges
                0x00000000000000f0       0x28 /home/hthap/Public/RIOT/RIOT/examples/project_os/bin/native/core_lib/assert.o
 .debug_aranges
                0x0000000000000118      0x240 /home/hthap/Public/RIOT/RIOT/examples/project_os/bin/native/core_lib/atomic_c11.o
 .debug_aranges
                0x0000000000000358       0x28 /home/hthap/Public/RIOT/RIOT/examples/project_os/bin/native/core_lib/bitarithm.o
 .debug_aranges
                0x0000000000000380       0x20 /home/hthap/Public/RIOT/RIOT/examples/project_os/bin/native/core_lib/clist.o
 .debug_aranges
                0x00000000000003a0       0x30 /home/hthap/Public/RIOT/RIOT/examples/project_os/bin/native/core_lib/init.o
 .debug_aranges
                0x00000000000003d0       0x30 /home/hthap/Public/RIOT/RIOT/examples/project_os/bin/native/core_lib/panic.o
 .debug_aranges
                0x0000000000000400       0x30 /home/hthap/Public/RIOT/RIOT/examples/project_os/bin/native/core_lib/priority_queue.o
 .debug_aranges
                0x0000000000000430       0x60 /home/hthap/Public/RIOT/RIOT/examples/project_os/bin/native/core_lib/ringbuffer.o
 .debug_aranges
                0x0000000000000490       0x38 /home/hthap/Public/RIOT/RIOT/examples/project_os/bin/native/core_lib/rmutex.o
 .debug_aranges
                0x00000000000004c8       0xb8 /home/hthap/Public/RIOT/RIOT/examples/project_os/bin/native/core/msg.o
 .debug_aranges
                0x0000000000000580       0x48 /home/hthap/Public/RIOT/RIOT/examples/project_os/bin/native/core/mutex.o
 .debug_aranges
                0x00000000000005c8       0x48 /home/hthap/Public/RIOT/RIOT/examples/project_os/bin/native/core/sched.o
 .debug_aranges
                0x0000000000000610       0x70 /home/hthap/Public/RIOT/RIOT/examples/project_os/bin/native/core/thread.o
 .debug_aranges
                0x0000000000000680       0x58 /home/hthap/Public/RIOT/RIOT/examples/project_os/bin/native/cpu/async_read.o
 .debug_aranges
                0x00000000000006d8       0xb0 /home/hthap/Public/RIOT/RIOT/examples/project_os/bin/native/cpu/irq_cpu.o
 .debug_aranges
                0x0000000000000788       0x60 /home/hthap/Public/RIOT/RIOT/examples/project_os/bin/native/cpu/native_cpu.o
 .debug_aranges
                0x00000000000007e8       0x20 /home/hthap/Public/RIOT/RIOT/examples/project_os/bin/native/cpu/panic.o
 .debug_aranges
                0x0000000000000808       0x50 /home/hthap/Public/RIOT/RIOT/examples/project_os/bin/native/cpu/startup.o
 .debug_aranges
                0x0000000000000858      0x100 /home/hthap/Public/RIOT/RIOT/examples/project_os/bin/native/cpu/syscalls.o
 .debug_aranges
                0x0000000000000958       0x20 /home/hthap/Public/RIOT/RIOT/examples/project_os/bin/native/cpu/tramp.o
 .debug_aranges
                0x0000000000000978       0x30 /home/hthap/Public/RIOT/RIOT/examples/project_os/bin/native/frac/frac.o
 .debug_aranges
                0x00000000000009a8       0x48 /home/hthap/Public/RIOT/RIOT/examples/project_os/bin/native/native_drivers/native-led.o
 .debug_aranges
                0x00000000000009f0       0x20 /home/hthap/Public/RIOT/RIOT/examples/project_os/bin/native/periph_common/gpio.o
 .debug_aranges
                0x0000000000000a10       0x20 /home/hthap/Public/RIOT/RIOT/examples/project_os/bin/native/periph_common/init_leds.o
 .debug_aranges
                0x0000000000000a30       0x20 /home/hthap/Public/RIOT/RIOT/examples/project_os/bin/native/periph_common/init.o
 .debug_aranges
                0x0000000000000a50       0x60 /home/hthap/Public/RIOT/RIOT/examples/project_os/bin/native/periph/gpio_linux.o
 .debug_aranges
                0x0000000000000ab0       0x40 /home/hthap/Public/RIOT/RIOT/examples/project_os/bin/native/periph/pm.o
 .debug_aranges
                0x0000000000000af0       0x70 /home/hthap/Public/RIOT/RIOT/examples/project_os/bin/native/periph/timer.o
 .debug_aranges
                0x0000000000000b60       0x48 /home/hthap/Public/RIOT/RIOT/examples/project_os/bin/native/periph/uart.o
 .debug_aranges
                0x0000000000000ba8       0x30 /home/hthap/Public/RIOT/RIOT/examples/project_os/bin/native/sched_round_robin/sched_round_robin.o
 .debug_aranges
                0x0000000000000bd8       0x30 /home/hthap/Public/RIOT/RIOT/examples/project_os/bin/native/stdio_native/stdio_native.o
 .debug_aranges
                0x0000000000000c08       0x38 /home/hthap/Public/RIOT/RIOT/examples/project_os/bin/native/ztimer_core/convert_frac.o
 .debug_aranges